/*===TOKENS===*/
CS_FIXED                 <C>
BlankIndicator           <  >
BlankFlag                < >
BlankIndicator           <  >
'              '         <              >
OP_EVAL                  <EVAL>
ID                       <ptr>
'='                      <=>
BIF_ALLOC                <%ALLOC>
'('                      <(>
NUMBER                   <200>
')'                      <)>
C_FREE_NEWLINE           <
>
CS_FIXED                 <C>
BlankIndicator           <  >
BlankFlag                < >
BlankIndicator           <  >
'              '         <              >
OP_EVAL                  <EVAL>
ID                       <ptr2>
'='                      <=>
BIF_ALLOC                <%Alloc>
'('                      <(>
NUMBER                   <200>
'+'                      <+>
NUMBER                   <300>
')'                      <)>
C_FREE_NEWLINE           <
>
CS_FIXED                 <C>
BlankIndicator           <  >
BlankFlag                < >
BlankIndicator           <  >
'              '         <              >
OP_EVAL                  <EVAL>
ID                       <ptr3>
'='                      <=>
BIF_ALLOC                <%alloc>
'('                      <(>
BIF_LEN                  <%len>
'('                      <(>
ID                       <fld>
')'                      <)>
')'                      <)>
C_FREE_NEWLINE           <
>
CS_FIXED                 <C>
BlankIndicator           <  >
BlankFlag                < >
BlankIndicator           <  >
'              '         <              >
OP_EVAL                  <EVAL>
ID                       <ptr4>
'='                      <=>
BIF_ALLOC                <%alloc>
'('                      <(>
BIF_INT                  <%int>
'('                      <(>
NUMBER                   <101.2>
')'                      <)>
'+'                      <+>
NUMBER                   <10>
'-'                      <->
NUMBER                   <4>
'+'                      <+>
NUMBER                   <25>
')'                      <)>
C_FREE_NEWLINE           <
>
DIRECTIVE                < />
DIR_FREE                 <free>
EOL                      <>
ID                       <ptr1>
'='                      <=>
BIF_ALLOC                <%alloc>
'('                      <(>
NUMBER                   <200>
')'                      <)>
FREE_SEMI                <;>
HIDDEN:FE_COMMENTS       <//>
HIDDEN:COMMENTS_TEXT_HIDDEN< comment 1                                                          >
HIDDEN:COMMENTS_EOL_HIDDEN<
>
ID                       <ptr2>
'='                      <=>
BIF_ALLOC                <%ALLOC>
'('                      <(>
NUMBER                   <200>
'+'                      <+>
NUMBER                   <300>
')'                      <)>
FREE_SEMI                <;>
HIDDEN:FE_COMMENTS       <//>
HIDDEN:COMMENTS_TEXT_HIDDEN< comment 2                                                      >
HIDDEN:COMMENTS_EOL_HIDDEN<
>
ID                       <ptr3>
'='                      <=>
BIF_ALLOC                <%Alloc>
'('                      <(>
BIF_LEN                  <%len>
'('                      <(>
ID                       <fld>
')'                      <)>
')'                      <)>
FREE_SEMI                <;>
HIDDEN:FE_COMMENTS       <//>
HIDDEN:COMMENTS_TEXT_HIDDEN< comment 3                                                    >
HIDDEN:COMMENTS_EOL_HIDDEN<
>
ID                       <ptr4>
'='                      <=>
BIF_ALLOC                <%Alloc>
'('                      <(>
BIF_LEN                  <%len>
'('                      <(>
ID                       <fld>
')'                      <)>
MULT_NOSPACE             <*>
NUMBER                   <25>
')'                      <)>
FREE_SEMI                <;>
HIDDEN:FE_COMMENTS       <//>
HIDDEN:COMMENTS_TEXT_HIDDEN< comment 4                                                 >
HIDDEN:COMMENTS_EOL_HIDDEN<
>
DIRECTIVE                < />
DIR_ENDFREE              <end-free>
EOL                      <>
HIDDEN:EMPTY_LINE        <                                                                           >
/*===TREE===*/
(r
  (statement
    (cspec_fixed
      C
      (cs_controlLevel '  ')
      (onOffIndicatorsFlag ' ')
      (cs_indicators '  ')
      (factor '              ')
      (cspec_fixed_standard
        (csEVAL
          EVAL
          (c_free
            (expression
              (expression (identifier (free_identifier (idOrKeyword ptr))))
              =
              (expression (bif (bif_alloc %ALLOC ( (expression (number 200)) ))))
            )
          )
          NL
        )
      )
    )
  )
  (statement
    (cspec_fixed
      C
      (cs_controlLevel '  ')
      (onOffIndicatorsFlag ' ')
      (cs_indicators '  ')
      (factor '              ')
      (cspec_fixed_standard
        (csEVAL
          EVAL
          (c_free
            (expression
              (expression (identifier (free_identifier (idOrKeyword ptr2))))
              =
              (expression
                (bif
                  (bif_alloc
                    %Alloc
                    (
                    (expression (expression (number 200)) + (expression (number 300)))
                    )
                  )
                )
              )
            )
          )
          NL
        )
      )
    )
  )
  (statement
    (cspec_fixed
      C
      (cs_controlLevel '  ')
      (onOffIndicatorsFlag ' ')
      (cs_indicators '  ')
      (factor '              ')
      (cspec_fixed_standard
        (csEVAL
          EVAL
          (c_free
            (expression
              (expression (identifier (free_identifier (idOrKeyword ptr3))))
              =
              (expression
                (bif
                  (bif_alloc
                    %alloc
                    (
                    (expression
                      (bif
                        (bif_len
                          %len
                          (
                          (expression (identifier (free_identifier (idOrKeyword fld))))
                          )
                        )
                      )
                    )
                    )
                  )
                )
              )
            )
          )
          NL
        )
      )
    )
  )
  (statement
    (cspec_fixed
      C
      (cs_controlLevel '  ')
      (onOffIndicatorsFlag ' ')
      (cs_indicators '  ')
      (factor '              ')
      (cspec_fixed_standard
        (csEVAL
          EVAL
          (c_free
            (expression
              (expression (identifier (free_identifier (idOrKeyword ptr4))))
              =
              (expression
                (bif
                  (bif_alloc
                    %alloc
                    (
                    (expression
                      (expression
                        (expression (bif (bif_int %int ( (expression (number 101.2)) ))))
                        +
                        (expression (number 10))
                      )
                      -
                      (expression (expression (number 4)) + (expression (number 25)))
                    )
                    )
                  )
                )
              )
            )
          )
          NL
        )
      )
    )
  )
  (statement (directive ' /' (beginfree_directive free) ))
  (statement
    (free
      (baseExpression
        (op
          (op_eval
            (evalExpression
              (assignmentExpression
                (simpleExpression (identifier (free_identifier (idOrKeyword ptr1))))
                =
                (expression (bif (bif_alloc %alloc ( (expression (number 200)) ))))
              )
            )
          )
        )
      )
      ;
    )
  )
  (statement
    (free
      (baseExpression
        (op
          (op_eval
            (evalExpression
              (assignmentExpression
                (simpleExpression (identifier (free_identifier (idOrKeyword ptr2))))
                =
                (expression
                  (bif
                    (bif_alloc
                      %ALLOC
                      (
                      (expression (expression (number 200)) + (expression (number 300)))
                      )
                    )
                  )
                )
              )
            )
          )
        )
      )
      ;
    )
  )
  (statement
    (free
      (baseExpression
        (op
          (op_eval
            (evalExpression
              (assignmentExpression
                (simpleExpression (identifier (free_identifier (idOrKeyword ptr3))))
                =
                (expression
                  (bif
                    (bif_alloc
                      %Alloc
                      (
                      (expression
                        (bif
                          (bif_len
                            %len
                            (
                            (expression (identifier (free_identifier (idOrKeyword fld))))
                            )
                          )
                        )
                      )
                      )
                    )
                  )
                )
              )
            )
          )
        )
      )
      ;
    )
  )
  (statement
    (free
      (baseExpression
        (op
          (op_eval
            (evalExpression
              (assignmentExpression
                (simpleExpression (identifier (free_identifier (idOrKeyword ptr4))))
                =
                (expression
                  (bif
                    (bif_alloc
                      %Alloc
                      (
                      (expression
                        (expression
                          (bif
                            (bif_len
                              %len
                              (
                              (expression (identifier (free_identifier (idOrKeyword fld))))
                              )
                            )
                          )
                        )
                        *
                        (expression (number 25))
                      )
                      )
                    )
                  )
                )
              )
            )
          )
        )
      )
      ;
    )
  )
  (statement (directive ' /' (endfree_directive end-free) ))
)
/*======*/