/*===TOKENS===*/
CS_FIXED                 <C>
BlankIndicator           <  >
BlankFlag                < >
BlankIndicator           <  >
'              '         <              >
OP_EVAL                  <EVAL>
ID                       <val1>
'='                      <=>
BIF_CHECKR               <%CHECKR>
'('                      <(>
ID                       <FLD1>
COLON                    <:>
ID                       <FLD2>
')'                      <)>
C_FREE_NEWLINE           <
>
CS_FIXED                 <C>
BlankIndicator           <  >
BlankFlag                < >
BlankIndicator           <  >
'              '         <              >
OP_EVAL                  <EVAL>
ID                       <val2>
'='                      <=>
BIF_CHECKR               <%CHECKR>
'('                      <(>
StringLiteralStart       <'>
StringContent            <delim>
StringLiteralEnd         <'>
COLON                    <:>
StringLiteralStart       <'>
StringContent            <mystring>
StringLiteralEnd         <'>
')'                      <)>
C_FREE_NEWLINE           <
>
CS_FIXED                 <C>
BlankIndicator           <  >
BlankFlag                < >
BlankIndicator           <  >
'              '         <              >
OP_EVAL                  <EVAL>
ID                       <val3>
'='                      <=>
BIF_CHECKR               <%checkr>
'('                      <(>
ID                       <delim>
COLON                    <:>
StringLiteralStart       <'>
StringContent            <thestirng>
StringLiteralEnd         <'>
')'                      <)>
C_FREE_NEWLINE           <
>
CS_FIXED                 <C>
BlankIndicator           <  >
BlankFlag                < >
BlankIndicator           <  >
'              '         <              >
OP_EVAL                  <EVAL>
ID                       <val4>
'='                      <=>
BIF_CHECKR               <%checkr>
'('                      <(>
BIF_STR                  <%str>
'('                      <(>
ID                       <fld>
')'                      <)>
COLON                    <:>
ID                       <mystringfld>
COLON                    <:>
NUMBER                   <5>
')'                      <)>
C_FREE_NEWLINE           <
>
DIRECTIVE                < />
DIR_FREE                 <free>
EOL                      <>
ID                       <val1>
'='                      <=>
BIF_CHECKR               <%checkr>
'('                      <(>
ID                       <fld1>
COLON                    <:>
ID                       <FLD2>
')'                      <)>
FREE_SEMI                <;>
HIDDEN:FE_COMMENTS       <//>
HIDDEN:COMMENTS_TEXT_HIDDEN< comment 1                                                   >
HIDDEN:COMMENTS_EOL_HIDDEN<
>
ID                       <val2>
'='                      <=>
BIF_CHECKR               <%CHECKR>
'('                      <(>
StringLiteralStart       <'>
StringContent            <,;>
StringLiteralEnd         <'>
COLON                    <:>
StringLiteralStart       <'>
StringContent            <dfsdf,;>
StringLiteralEnd         <'>
')'                      <)>
FREE_SEMI                <;>
HIDDEN:FE_COMMENTS       <//>
HIDDEN:COMMENTS_TEXT_HIDDEN< comment 2                                              >
HIDDEN:COMMENTS_EOL_HIDDEN<
>
ID                       <val3>
'='                      <=>
BIF_CHECKR               <%Checkr>
'('                      <(>
ID                       <delim>
COLON                    <:>
StringLiteralStart       <'>
StringContent            <thersting>
StringLiteralEnd         <'>
')'                      <)>
FREE_SEMI                <;>
HIDDEN:FE_COMMENTS       <//>
HIDDEN:COMMENTS_TEXT_HIDDEN< comment 3                                           >
HIDDEN:COMMENTS_EOL_HIDDEN<
>
ID                       <val4>
'='                      <=>
BIF_CHECKR               <%Checkr>
'('                      <(>
BIF_STR                  <%str>
'('                      <(>
ID                       <fld>
')'                      <)>
COLON                    <:>
ID                       <mystringfld>
COLON                    <:>
NUMBER                   <5>
')'                      <)>
FREE_SEMI                <;>
HIDDEN:FE_COMMENTS       <//>
HIDDEN:COMMENTS_TEXT_HIDDEN< comment 4                                     >
HIDDEN:COMMENTS_EOL_HIDDEN<
>
DIRECTIVE                < />
DIR_ENDFREE              <end-free>
EOL                      <>
HIDDEN:EMPTY_LINE        <                                                                           >
/*===TREE===*/
(r
  (statement
    (cspec_fixed
      C
      (cs_controlLevel '  ')
      (onOffIndicatorsFlag ' ')
      (cs_indicators '  ')
      (factor '              ')
      (cspec_fixed_standard
        (csEVAL
          EVAL
          (c_free
            (expression
              (expression (identifier (free_identifier (idOrKeyword val1))))
              =
              (expression
                (bif
                  (bif_checkr
                    %CHECKR
                    (
                    (expression (identifier (free_identifier (idOrKeyword FLD1))))
                    :
                    (expression (identifier (free_identifier (idOrKeyword FLD2))))
                    )
                  )
                )
              )
            )
          )
          NL
        )
      )
    )
  )
  (statement
    (cspec_fixed
      C
      (cs_controlLevel '  ')
      (onOffIndicatorsFlag ' ')
      (cs_indicators '  ')
      (factor '              ')
      (cspec_fixed_standard
        (csEVAL
          EVAL
          (c_free
            (expression
              (expression (identifier (free_identifier (idOrKeyword val2))))
              =
              (expression
                (bif
                  (bif_checkr
                    %CHECKR
                    (
                    (expression (literal ' delim '))
                    :
                    (expression (literal ' mystring '))
                    )
                  )
                )
              )
            )
          )
          NL
        )
      )
    )
  )
  (statement
    (cspec_fixed
      C
      (cs_controlLevel '  ')
      (onOffIndicatorsFlag ' ')
      (cs_indicators '  ')
      (factor '              ')
      (cspec_fixed_standard
        (csEVAL
          EVAL
          (c_free
            (expression
              (expression (identifier (free_identifier (idOrKeyword val3))))
              =
              (expression
                (bif
                  (bif_checkr
                    %checkr
                    (
                    (expression (identifier (free_identifier (idOrKeyword delim))))
                    :
                    (expression (literal ' thestirng '))
                    )
                  )
                )
              )
            )
          )
          NL
        )
      )
    )
  )
  (statement
    (cspec_fixed
      C
      (cs_controlLevel '  ')
      (onOffIndicatorsFlag ' ')
      (cs_indicators '  ')
      (factor '              ')
      (cspec_fixed_standard
        (csEVAL
          EVAL
          (c_free
            (expression
              (expression (identifier (free_identifier (idOrKeyword val4))))
              =
              (expression
                (bif
                  (bif_checkr
                    %checkr
                    (
                    (expression
                      (bif
                        (bif_str
                          %str
                          (
                          (expression (identifier (free_identifier (idOrKeyword fld))))
                          )
                        )
                      )
                    )
                    :
                    (expression (identifier (free_identifier (idOrKeyword mystringfld))))
                    :
                    (expression (number 5))
                    )
                  )
                )
              )
            )
          )
          NL
        )
      )
    )
  )
  (statement (directive ' /' (beginfree_directive free) ))
  (statement
    (free
      (baseExpression
        (op
          (op_eval
            (evalExpression
              (assignmentExpression
                (simpleExpression (identifier (free_identifier (idOrKeyword val1))))
                =
                (expression
                  (bif
                    (bif_checkr
                      %checkr
                      (
                      (expression (identifier (free_identifier (idOrKeyword fld1))))
                      :
                      (expression (identifier (free_identifier (idOrKeyword FLD2))))
                      )
                    )
                  )
                )
              )
            )
          )
        )
      )
      ;
    )
  )
  (statement
    (free
      (baseExpression
        (op
          (op_eval
            (evalExpression
              (assignmentExpression
                (simpleExpression (identifier (free_identifier (idOrKeyword val2))))
                =
                (expression
                  (bif
                    (bif_checkr
                      %CHECKR
                      (
                      (expression (literal ' ,; '))
                      :
                      (expression (literal ' dfsdf,; '))
                      )
                    )
                  )
                )
              )
            )
          )
        )
      )
      ;
    )
  )
  (statement
    (free
      (baseExpression
        (op
          (op_eval
            (evalExpression
              (assignmentExpression
                (simpleExpression (identifier (free_identifier (idOrKeyword val3))))
                =
                (expression
                  (bif
                    (bif_checkr
                      %Checkr
                      (
                      (expression (identifier (free_identifier (idOrKeyword delim))))
                      :
                      (expression (literal ' thersting '))
                      )
                    )
                  )
                )
              )
            )
          )
        )
      )
      ;
    )
  )
  (statement
    (free
      (baseExpression
        (op
          (op_eval
            (evalExpression
              (assignmentExpression
                (simpleExpression (identifier (free_identifier (idOrKeyword val4))))
                =
                (expression
                  (bif
                    (bif_checkr
                      %Checkr
                      (
                      (expression
                        (bif
                          (bif_str
                            %str
                            (
                            (expression (identifier (free_identifier (idOrKeyword fld))))
                            )
                          )
                        )
                      )
                      :
                      (expression (identifier (free_identifier (idOrKeyword mystringfld))))
                      :
                      (expression (number 5))
                      )
                    )
                  )
                )
              )
            )
          )
        )
      )
      ;
    )
  )
  (statement (directive ' /' (endfree_directive end-free) ))
)
/*======*/