/*===TOKENS===*/
PS_FIXED                 <P>
PS_NAME                  <>
PS_BEGIN                 <B>
PS_KEYWORDS              <                                     >
DS_FIXED                 <D>
NAME                     <Function>
EXTERNAL_DESCRIPTION     < >
DATA_STRUCTURE_TYPE      < >
DEF_TYPE_PI              <PI>
FROM_POSITION            <       >
TO_POSITION              <     10>
DATA_TYPE                <I>
DECIMAL_POSITIONS        < 0>
RESERVED                 < >
EOL                      <
>
DS_FIXED                 <D>
NAME                     <Term1>
EXTERNAL_DESCRIPTION     < >
DATA_STRUCTURE_TYPE      < >
DEF_TYPE_BLANK           <  >
FROM_POSITION            <       >
TO_POSITION              <      5>
DATA_TYPE                <I>
DECIMAL_POSITIONS        < 0>
RESERVED                 < >
KEYWORD_VALUE            <VALUE>
EOL                      <
>
DS_FIXED                 <D>
NAME                     <Term2>
EXTERNAL_DESCRIPTION     < >
DATA_STRUCTURE_TYPE      < >
DEF_TYPE_BLANK           <  >
FROM_POSITION            <       >
TO_POSITION              <      5>
DATA_TYPE                <I>
DECIMAL_POSITIONS        < 0>
RESERVED                 < >
KEYWORD_VALUE            <VALUE>
EOL                      <
>
DS_FIXED                 <D>
NAME                     <Result>
EXTERNAL_DESCRIPTION     < >
DATA_STRUCTURE_TYPE      < >
DEF_TYPE_S               <S >
FROM_POSITION            <       >
TO_POSITION              <     10>
DATA_TYPE                <I>
DECIMAL_POSITIONS        < 0>
RESERVED                 < >
EOL                      <
>
OP_RETURN                <return>
ID                       <Result>
FREE_SEMI                <;>
PS_FIXED                 <P>
PS_NAME                  <>
PS_END                   <E>
PS_KEYWORDS              <                                     >
HIDDEN:PS_COMMENTS80     <                   >
/*===TREE===*/
(r
  (procedure
    (beginProcedure
      (psBegin P (ps_name ) B '                                     ')
    )
    (dcl_pi
      (piBegin D (ds_name Function) ' ' ' ' PI '       ' '     10' I ' 0' ' ' NL)
      (pi_parm_fixed
        (parm_fixed
          D
          (ds_name Term1)
          ' '
          ' '
          '  '
          '       '
          '      5'
          I
          ' 0'
          ' '
          (keyword (keyword_value VALUE))
          NL
        )
      )
      (pi_parm_fixed
        (parm_fixed
          D
          (ds_name Term2)
          ' '
          ' '
          '  '
          '       '
          '      5'
          I
          ' 0'
          ' '
          (keyword (keyword_value VALUE))
          NL
        )
      )
    )
    (subprocedurestatement
      (statement
        (dspec D (ds_name Result) ' ' ' ' 'S ' '       ' '     10' I ' 0' ' ' NL)
      )
    )
    (subprocedurestatement
      (statement
        (free
          (baseExpression
            (op
              (op_return
                return
                (expression (identifier (free_identifier (idOrKeyword Result))))
              )
            )
          )
          ;
        )
      )
    )
    (endProcedure (psEnd P (ps_name ) E '                                     '))
  )
)
/*======*/