/*===TOKENS===*/
HIDDEN:LEAD_WS5_Comments <01   >
DS_FIXED                 <D>
NAME                     <Bin1>
EXTERNAL_DESCRIPTION     < >
DATA_STRUCTURE_TYPE      < >
DEF_TYPE_S               <S >
FROM_POSITION            <       >
TO_POSITION              <      5>
DATA_TYPE                <B>
DECIMAL_POSITIONS        < 0>
RESERVED                 < >
EOL                      <
>
HIDDEN:LEAD_WS5_Comments <02   >
DS_Standalone            <dcl-s>
ID                       <Bin1>
BINDEC                   <bindec>
'('                      <(>
NUMBER                   <5>
')'                      <)>
FREE_SEMI                <;>
DS_Standalone            <DCL-S>
ID                       <numRecords>
BINDEC                   <BINDEC>
'('                      <(>
NUMBER                   <9>
')'                      <)>
FREE_SEMI                <;>
DS_Standalone            <DCL-S>
ID                       <bonus>
BINDEC                   <BINDEC>
'('                      <(>
NUMBER                   <9>
COLON                    <:>
NUMBER                   <2>
')'                      <)>
FREE_SEMI                <;>
/*===TREE===*/
(r
  (statement
    (dspec D (ds_name Bin1) ' ' ' ' 'S ' '       ' '      5' B ' 0' ' ' NL)
  )
  (statement
    (dspec
      dcl-s
      (identifier (free_identifier (idOrKeyword Bin1)))
      (datatype (datatypeName bindec) (args ( (expression (number 5)) )))
      ;
    )
  )
  (statement
    (dspec
      DCL-S
      (identifier (free_identifier (idOrKeyword numRecords)))
      (datatype (datatypeName BINDEC) (args ( (expression (number 9)) )))
      ;
    )
  )
  (statement
    (dspec
      DCL-S
      (identifier (free_identifier (idOrKeyword bonus)))
      (datatype
        (datatypeName BINDEC)
        (args ( (expression (number 9)) : (expression (number 2)) ))
      )
      ;
    )
  )
)
/*======*/