/*===TOKENS===*/
HIDDEN:COMMENT_SPEC_FIXED<D*>
HIDDEN:COMMENTS_TEXT     <fixed-form declarations>
DS_FIXED                 <D>
NAME                     <string>
EXTERNAL_DESCRIPTION     < >
DATA_STRUCTURE_TYPE      < >
DEF_TYPE_S               <S >
FROM_POSITION            <       >
TO_POSITION              <     50>
DATA_TYPE                <A>
DECIMAL_POSITIONS        <  >
RESERVED                 < >
KEYWORD_VARYING          <VARYING>
EOL                      <
>
DS_FIXED                 <D>
NAME                     <date>
EXTERNAL_DESCRIPTION     < >
DATA_STRUCTURE_TYPE      < >
DEF_TYPE_S               <S >
FROM_POSITION            <       >
TO_POSITION              <       >
DATA_TYPE                <D>
DECIMAL_POSITIONS        <  >
RESERVED                 < >
KEYWORD_DATFMT           <DATFMT>
'('                      <(>
SPLAT_MDY                <*MDY>
')'                      <)>
EOL                      <
>
DS_FIXED                 <D>
NAME                     <obj>
EXTERNAL_DESCRIPTION     < >
DATA_STRUCTURE_TYPE      < >
DEF_TYPE_S               <S >
FROM_POSITION            <       >
TO_POSITION              <       >
DATA_TYPE                <O>
DECIMAL_POSITIONS        <  >
RESERVED                 < >
KEYWORD_CLASS            <CLASS>
'('                      <(>
SPLAT_JAVA               <*JAVA>
COLON                    <:>
StringLiteralStart       <'>
StringContent            <MyClass>
StringLiteralEnd         <'>
')'                      <)>
EOL                      <
>
DS_FIXED                 <D>
NAME                     <ptr>
EXTERNAL_DESCRIPTION     < >
DATA_STRUCTURE_TYPE      < >
DEF_TYPE_S               <S >
FROM_POSITION            <       >
TO_POSITION              <       >
DATA_TYPE                <*>
DECIMAL_POSITIONS        <  >
RESERVED                 < >
KEYWORD_PROCPTR          <PROCPTR>
EOL                      <
>
HIDDEN:COMMENTS          <    //>
HIDDEN:COMMENTS_TEXT     <free-form declarations>
DS_Standalone            <DCL-S>
ID                       <string>
VARCHAR                  <VARCHAR>
'('                      <(>
NUMBER                   <50>
')'                      <)>
FREE_SEMI                <;>
DS_Standalone            <DCL-S>
DATE_                    <date>
DATE_                    <DATE>
'('                      <(>
SPLAT_MDY                <*MDY>
')'                      <)>
FREE_SEMI                <;>
DS_Standalone            <DCL-S>
ID                       <obj>
OBJECT                   <OBJECT>
'('                      <(>
SPLAT_JAVA               <*JAVA>
COLON                    <:>
StringLiteralStart       <'>
StringContent            <MyClass>
StringLiteralEnd         <'>
')'                      <)>
FREE_SEMI                <;>
DS_Standalone            <DCL-S>
ID                       <ptr>
POINTER                  <POINTER>
'('                      <(>
ID                       <*PROC>
')'                      <)>
FREE_SEMI                <;>
DS_Standalone            <DCL-S>
ID                       <first_name>
CHAR                     <CHAR>
'('                      <(>
NUMBER                   <10>
')'                      <)>
KEYWORD_INZ              <INZ>
'('                      <(>
StringLiteralStart       <'>
StringContent            <John>
StringLiteralEnd         <'>
')'                      <)>
FREE_SEMI                <;>
/*===TREE===*/
(r
  (statement
    (dspec
      D
      (ds_name string)
      ' '
      ' '
      'S '
      '       '
      '     50'
      A
      '  '
      ' '
      (keyword (keyword_varying VARYING))
      NL
    )
  )
  (statement
    (dspec
      D
      (ds_name date)
      ' '
      ' '
      'S '
      '       '
      '       '
      D
      '  '
      ' '
      (keyword
        (keyword_datfmt
          DATFMT
          (
          (simpleExpression (identifier (all (symbolicConstants *MDY))))
          )
        )
      )
      NL
    )
  )
  (statement
    (dspec
      D
      (ds_name obj)
      ' '
      ' '
      'S '
      '       '
      '       '
      O
      '  '
      ' '
      (keyword
        (keyword_class CLASS ( *JAVA : (simpleExpression (literal ' MyClass ')) ))
      )
      NL
    )
  )
  (statement
    (dspec
      D
      (ds_name ptr)
      ' '
      ' '
      'S '
      '       '
      '       '
      *
      '  '
      ' '
      (keyword (keyword_procptr PROCPTR))
      NL
    )
  )
  (statement
    (dspec
      DCL-S
      (identifier (free_identifier (idOrKeyword string)))
      (datatype (datatypeName VARCHAR) (args ( (expression (number 50)) )))
      ;
    )
  )
  (statement
    (dspec
      DCL-S
      (identifier (free_identifier (idOrKeyword (datatypeName date))))
      (datatype
        (datatypeName DATE)
        (args ( (expression (identifier (all (symbolicConstants *MDY)))) ))
      )
      ;
    )
  )
  (statement
    (dspec
      DCL-S
      (identifier (free_identifier (idOrKeyword obj)))
      (datatype
        (datatypeName OBJECT)
        (args
          (
          (expression (identifier (all (symbolicConstants *JAVA))))
          :
          (expression (literal ' MyClass '))
          )
        )
      )
      ;
    )
  )
  (statement
    (dspec
      DCL-S
      (identifier (free_identifier (idOrKeyword ptr)))
      (datatype
        (datatypeName POINTER)
        (args ( (expression (identifier (free_identifier (idOrKeyword *PROC)))) ))
      )
      ;
    )
  )
  (statement
    (dspec
      DCL-S
      (identifier (free_identifier (idOrKeyword first_name)))
      (datatype (datatypeName CHAR) (args ( (expression (number 10)) )))
      (keyword (keyword_inz INZ ( (simpleExpression (literal ' John ')) )))
      ;
    )
  )
)
/*======*/