/*===TOKENS===*/
HIDDEN:LEAD_WS5_Comments <01   >
DS_FIXED                 <D>
NAME                     <Ind1>
EXTERNAL_DESCRIPTION     < >
DATA_STRUCTURE_TYPE      < >
DEF_TYPE_S               <S >
FROM_POSITION            <       >
TO_POSITION              <       >
DATA_TYPE                <N>
DECIMAL_POSITIONS        <  >
RESERVED                 < >
EOL                      <
>
HIDDEN:LEAD_WS5_Comments <02   >
DS_Standalone            <dcl-s>
ID                       <Ind1>
IND                      <ind>
FREE_SEMI                <;>
/*===TREE===*/
(r
  (statement
    (dspec D (ds_name Ind1) ' ' ' ' 'S ' '       ' '       ' N '  ' ' ' NL)
  )
  (statement
    (dspec
      dcl-s
      (identifier (free_identifier (idOrKeyword Ind1)))
      (datatype (datatypeName ind))
      ;
    )
  )
)
/*======*/