/*===TOKENS===*/
DS_FIXED                 <D>
CONTINUATION_NAME        <testUnitMeasureShortDescription>
NAME                     <>
EXTERNAL_DESCRIPTION     < >
DATA_STRUCTURE_TYPE      < >
DEF_TYPE_PR              <PR>
FROM_POSITION            <       >
TO_POSITION              <       >
DATA_TYPE                < >
DECIMAL_POSITIONS        <  >
RESERVED                 < >
KEYWORD_EXTPROC          <extproc>
'('                      <(>
StringLiteralStart       <'>
StringContent            <TESTUNITMEASURESHORTDESCRIP>
StringContent            <TION_UTS007>
StringLiteralEnd         <'>
')'                      <)>
KEYWORD_LIKE             <like>
'('                      <(>
ID                       <typeMessageID>
')'                      <)>
EOL                      <
>
DS_FIXED                 <D>
CONTINUATION_NAME        <unitMeasureShortDescription>
NAME                     <>
EXTERNAL_DESCRIPTION     < >
DATA_STRUCTURE_TYPE      < >
DEF_TYPE_BLANK           <  >
FROM_POSITION            <       >
TO_POSITION              <       >
DATA_TYPE                < >
DECIMAL_POSITIONS        <  >
RESERVED                 < >
KEYWORD_LIKE             <like>
'('                      <(>
ID                       <typeUnitMeasureShortDescript>
CONTINUATION             <...>
ID                       <ion_UTS007>
')'                      <)>
KEYWORD_CONST            <const>
EOL                      <
>
DS_FIXED                 <D>
CONTINUATION_NAME        <unitMeasureCode>
NAME                     <>
EXTERNAL_DESCRIPTION     < >
DATA_STRUCTURE_TYPE      < >
DEF_TYPE_BLANK           <  >
FROM_POSITION            <       >
TO_POSITION              <       >
DATA_TYPE                < >
DECIMAL_POSITIONS        <  >
RESERVED                 < >
KEYWORD_LIKE             <like>
'('                      <(>
ID                       <typeUnitMeasureCode_UTS007>
')'                      <)>
KEYWORD_OPTIONS          <options>
'('                      <(>
ID                       <*nopass>
')'                      <)>
EOL                      <
>
DS_FIXED                 <D>
CONTINUATION_NAME        <unitMeasureLongDescription>
NAME                     <>
EXTERNAL_DESCRIPTION     < >
DATA_STRUCTURE_TYPE      < >
DEF_TYPE_BLANK           <  >
FROM_POSITION            <       >
TO_POSITION              <       >
DATA_TYPE                < >
DECIMAL_POSITIONS        <  >
RESERVED                 < >
KEYWORD_LIKE             <like>
'('                      <(>
ID                       <typeUnitMeasureLongDescript>
CONTINUATION             <...>
ID                       <ion_UTS007>
')'                      <)>
KEYWORD_OPTIONS          <options>
'('                      <(>
ID                       <*nopass>
')'                      <)>
/*===TREE===*/
(r
  (dcl_pr
    (prBegin
      D
      (ds_name testUnitMeasureShortDescription )
      ' '
      ' '
      PR
      '       '
      '       '
      ' '
      '  '
      ' '
      (keyword
        (keyword_extproc
          extproc
          (
          (simpleExpression (literal ' TESTUNITMEASURESHORTDESCRIP TION_UTS007 '))
          )
        )
      )
      (keyword
        (keyword_like
          like
          (
          (simpleExpression (identifier (free_identifier (idOrKeyword typeMessageID))))
          )
        )
      )
      NL
    )
    (parm_fixed
      D
      (ds_name unitMeasureShortDescription )
      ' '
      ' '
      '  '
      '       '
      '       '
      ' '
      '  '
      ' '
      (keyword
        (keyword_like
          like
          (
          (simpleExpression
            (identifier
              (free_identifier
                (continuedIdentifier
                  (idOrKeyword typeUnitMeasureShortDescript)
                  ...
                  (idOrKeyword ion_UTS007)
                )
              )
            )
          )
          )
        )
      )
      (keyword (keyword_const const))
      NL
    )
    (parm_fixed
      D
      (ds_name unitMeasureCode )
      ' '
      ' '
      '  '
      '       '
      '       '
      ' '
      '  '
      ' '
      (keyword
        (keyword_like
          like
          (
          (simpleExpression
            (identifier (free_identifier (idOrKeyword typeUnitMeasureCode_UTS007)))
          )
          )
        )
      )
      (keyword
        (keyword_options
          options
          (
          (identifier (free_identifier (idOrKeyword *nopass)))
          )
        )
      )
      NL
    )
    (parm_fixed
      D
      (ds_name unitMeasureLongDescription )
      ' '
      ' '
      '  '
      '       '
      '       '
      ' '
      '  '
      ' '
      (keyword
        (keyword_like
          like
          (
          (simpleExpression
            (identifier
              (free_identifier
                (continuedIdentifier
                  (idOrKeyword typeUnitMeasureLongDescript)
                  ...
                  (idOrKeyword ion_UTS007)
                )
              )
            )
          )
          )
        )
      )
      (keyword
        (keyword_options
          options
          (
          (identifier (free_identifier (idOrKeyword *nopass)))
          )
        )
      )
      <EOF>
    )
  )
)
/*======*/