/*===TOKENS===*/
HIDDEN:LEAD_WS5_Comments <01   >
DS_FIXED                 <D>
NAME                     <Constant1>
EXTERNAL_DESCRIPTION     < >
DATA_STRUCTURE_TYPE      < >
DEF_TYPE_C               <C >
FROM_POSITION            <       >
TO_POSITION              <       >
DATA_TYPE                < >
DECIMAL_POSITIONS        <  >
RESERVED                 < >
KEYWORD_CONST            <const>
'('                      <(>
StringLiteralStart       <'>
StringContent            <ABCDEFG>
StringLiteralEnd         <'>
')'                      <)>
EOL                      <
>
HIDDEN:LEAD_WS5_Comments <02   >
DS_FIXED                 <D>
NAME                     <Constant2>
EXTERNAL_DESCRIPTION     < >
DATA_STRUCTURE_TYPE      < >
DEF_TYPE_C               <C >
FROM_POSITION            <       >
TO_POSITION              <       >
DATA_TYPE                < >
DECIMAL_POSITIONS        <  >
RESERVED                 < >
StringLiteralStart       <'>
StringContent            <ABCDEFG>
StringLiteralEnd         <'>
EOL                      <
>
HIDDEN:LEAD_WS5_Comments <03   >
DS_Constant              <dcl-c>
ID                       <Constant1>
KEYWORD_CONST            <const>
'('                      <(>
StringLiteralStart       <'>
StringContent            <ABCDEFG>
StringLiteralEnd         <'>
')'                      <)>
FREE_SEMI                <;>
HIDDEN:LEAD_WS5_Comments <04   >
DS_Constant              <dcl-c>
ID                       <Constant2>
StringLiteralStart       <'>
StringContent            <ABCDEFG>
StringLiteralEnd         <'>
FREE_SEMI                <;>
/*===TREE===*/
(r
  (statement
    (dcl_c
      D
      (ds_name Constant1)
      ' '
      ' '
      'C '
      '       '
      '       '
      ' '
      '  '
      ' '
      (keyword_const const ( (simpleExpression (literal ' ABCDEFG ')) ))
      NL
    )
  )
  (statement
    (dcl_c
      D
      (ds_name Constant2)
      ' '
      ' '
      'C '
      '       '
      '       '
      ' '
      '  '
      ' '
      (literal ' ABCDEFG ')
      NL
    )
  )
  (statement
    (dcl_c
      dcl-c
      (identifier (free_identifier (idOrKeyword Constant1)))
      (keyword_const const ( (simpleExpression (literal ' ABCDEFG ')) ))
      ;
    )
  )
  (statement
    (dcl_c
      dcl-c
      (identifier (free_identifier (idOrKeyword Constant2)))
      (literal ' ABCDEFG ')
      ;
    )
  )
)
/*======*/