/*===TOKENS===*/
HIDDEN:DIRECTIVE         < />
HIDDEN:DIR_IF            <IF>
HIDDEN:DIR_DEFINED       <DEFINED>
HIDDEN:'('               <(>
HIDDEN:')'               <)>
HIDDEN:DIRECTIVE         < />
HIDDEN:DIR_IF            <IF>
HIDDEN:DIR_NOT           <NOT>
HIDDEN:DIR_DEFINED       <DEFINED>
HIDDEN:'('               <(>
HIDDEN:')'               <)>
HS_FIXED                 <H>
ID                       <NOMAIN>
EOL                      <
>
HIDDEN:DIRECTIVE         < />
HIDDEN:DIR_ENDIF         <ENDIF>
HIDDEN:DIRECTIVE         < />
HIDDEN:DIR_ENDIF         <ENDIF>
/*===TREE===*/
(r (statement (hspec_fixed H (hs_expression NOMAIN) NL)))
/*======*/