/*===TOKENS===*/
HIDDEN:COMMENT_SPEC_FIXED<C*>
HIDDEN:COMMENTS_TEXT     <0N01Factor1+++++++Opcode(E)+Factor2+++++++Result++++++++Len++D+HiLoEq....>
CS_FIXED                 <C>
BlankIndicator           <  >
BlankFlag                < >
BlankIndicator           <  >
SPLAT_ENTRY              <*Entry>
OP_PLIST                 <PList>
'              '         <              >
'              '         <              >
CS_FieldLength           <     >
CS_DecimalPositions      <  >
BlankIndicator           <  >
BlankIndicator           <  >
BlankIndicator           <  >
EOL                      <
>
HIDDEN:COMMENT_SPEC_FIXED< *>
CS_FIXED                 <C>
BlankIndicator           <  >
BlankFlag                < >
BlankIndicator           <  >
'              '         <              >
OP_BITON                 <BITON>
StringLiteralStart       <'>
StringContent            <046>
StringLiteralEnd         <'>
CS_FactorContent         <Field>
CS_FieldLength           <     >
CS_DecimalPositions      <  >
BlankIndicator           <  >
BlankIndicator           <  >
BlankIndicator           <  >
EOL                      <
>
CS_FIXED                 <C>
BlankIndicator           <  >
BlankFlag                < >
BlankIndicator           <  >
'              '         <              >
OP_BITON                 <BITON>
CS_FactorContent         <BITFLD>
CS_FactorContent         <Field>
CS_FieldLength           <     >
CS_DecimalPositions      <  >
BlankIndicator           <  >
BlankIndicator           <  >
BlankIndicator           <  >
EOL                      <
>
CS_FIXED                 <C>
BlankIndicator           <  >
BlankFlag                < >
BlankIndicator           <  >
'              '         <              >
OP_SETON                 <SETON>
'              '         <              >
'              '         <              >
CS_FieldLength           <     >
CS_DecimalPositions      <  >
LastRecordIndicator      <LR>
BlankIndicator           <  >
BlankIndicator           <  >
EOL                      <
>
/*===TREE===*/
(r
  (statement
    (cspec_fixed
      C
      (cs_controlLevel '  ')
      (onOffIndicatorsFlag ' ')
      (cs_indicators '  ')
      (factor (symbolicConstants *Entry))
      (cspec_fixed_standard
        (csPLIST
          PList
          (cspec_fixed_standard_parts
            (factor '              ')
            (resultType '              ')
            '     '
            '  '
            (resultIndicator '  ')
            (resultIndicator '  ')
            (resultIndicator '  ')
            NL
          )
        )
      )
    )
  )
  (statement
    (cspec_fixed
      C
      (cs_controlLevel '  ')
      (onOffIndicatorsFlag ' ')
      (cs_indicators '  ')
      (factor '              ')
      (cspec_fixed_standard
        (csBITON
          BITON
          (cspec_fixed_standard_parts
            (factor (factorContent (literal ' 046 ')))
            (resultType Field)
            '     '
            '  '
            (resultIndicator '  ')
            (resultIndicator '  ')
            (resultIndicator '  ')
            NL
          )
        )
      )
    )
  )
  (statement
    (cspec_fixed
      C
      (cs_controlLevel '  ')
      (onOffIndicatorsFlag ' ')
      (cs_indicators '  ')
      (factor '              ')
      (cspec_fixed_standard
        (csBITON
          BITON
          (cspec_fixed_standard_parts
            (factor (factorContent BITFLD))
            (resultType Field)
            '     '
            '  '
            (resultIndicator '  ')
            (resultIndicator '  ')
            (resultIndicator '  ')
            NL
          )
        )
      )
    )
  )
  (statement
    (cspec_fixed
      C
      (cs_controlLevel '  ')
      (onOffIndicatorsFlag ' ')
      (cs_indicators '  ')
      (factor '              ')
      (cspec_fixed_standard
        (csSETON
          SETON
          (cspec_fixed_standard_parts
            (factor '              ')
            (resultType '              ')
            '     '
            '  '
            (resultIndicator LR)
            (resultIndicator '  ')
            (resultIndicator '  ')
            NL
          )
        )
      )
    )
  )
)
/*======*/