/*===TOKENS===*/
HIDDEN:COMMENT_SPEC_FIXED<C*>
HIDDEN:COMMENTS_TEXT     <0N01Factor1+++++++Opcode(E)+Factor2+++++++Result++++++++Len++D+HiLoEq....>
CS_FIXED                 <C>
BlankIndicator           <  >
BlankFlag                < >
BlankIndicator           <  >
SPLAT_ENTRY              <*Entry>
OP_PLIST                 <PList>
'              '         <              >
'              '         <              >
CS_FieldLength           <     >
CS_DecimalPositions      <  >
BlankIndicator           <  >
BlankIndicator           <  >
BlankIndicator           <  >
EOL                      <
>
HIDDEN:COMMENT_SPEC_FIXED< *>
CS_FIXED                 <C>
BlankIndicator           <  >
BlankFlag                < >
BlankIndicator           <  >
'              '         <              >
OP_CALLP                 <CALLP>
ID                       <proc1>
'('                      <(>
ID                       <parm1>
')'                      <)>
C_FREE_NEWLINE           <
>
CS_FIXED                 <C>
BlankIndicator           <  >
BlankFlag                < >
BlankIndicator           <  >
'              '         <              >
OP_CALLP                 <CALLP>
ID                       <proc2>
'('                      <(>
ID                       <parm1>
COLON                    <:>
ID                       <parm2>
')'                      <)>
C_FREE_NEWLINE           <
>
CS_FIXED                 <C>
BlankIndicator           <  >
BlankFlag                < >
BlankIndicator           <  >
'              '         <              >
OP_CALLP                 <CALLP>
'('                      <(>
CS_OperationAndExtender  <e>
')'                      <)>
ID                       <proc2>
'('                      <(>
ID                       <parm1>
COLON                    <:>
ID                       <parm2>
')'                      <)>
C_FREE_NEWLINE           <
>
CS_FIXED                 <C>
BlankIndicator           <  >
BlankFlag                < >
BlankIndicator           <  >
'              '         <              >
OP_CALLP                 <CALLP>
'('                      <(>
CS_OperationAndExtender  <e>
')'                      <)>
ID                       <proc3>
'('                      <(>
ID                       <arr>
'('                      <(>
ID                       <x>
')'                      <)>
'+'                      <+>
NUMBER                   <1>
')'                      <)>
C_FREE_NEWLINE           <
>
DIRECTIVE                < />
DIR_FREE                 <Free>
EOL                      <>
OP_CALLP                 <callp>
ID                       <proc1>
'('                      <(>
ID                       <parm1>
')'                      <)>
FREE_SEMI                <;>
OP_CALLP                 <CALLP>
'('                      <(>
CS_OperationAndExtender  <e>
')'                      <)>
ID                       <proc1>
'('                      <(>
ID                       <parm1>
COLON                    <:>
ID                       <parm2>
')'                      <)>
FREE_SEMI                <;>
ID                       <proc3>
'('                      <(>
StringLiteralStart       <'>
StringContent            <parm1>
StringLiteralEnd         <'>
COLON                    <:>
ID                       <parm2>
')'                      <)>
FREE_SEMI                <;>
ID                       <proc4>
'('                      <(>
BIF_LEN                  <%len>
'('                      <(>
ID                       <xx>
')'                      <)>
'+'                      <+>
NUMBER                   <5>
COLON                    <:>
StringLiteralStart       <'>
StringContent            <literal>
StringLiteralEnd         <'>
')'                      <)>
FREE_SEMI                <;>
DIRECTIVE                < />
DIR_ENDFREE              <end-free>
EOL                      <>
HIDDEN:COMMENT_SPEC_FIXED< *>
CS_FIXED                 <C>
BlankIndicator           <  >
BlankFlag                < >
BlankIndicator           <  >
'              '         <              >
OP_SETON                 <SETON>
'              '         <              >
'              '         <              >
CS_FieldLength           <     >
CS_DecimalPositions      <  >
LastRecordIndicator      <LR>
BlankIndicator           <  >
BlankIndicator           <  >
EOL                      <
>
/*===TREE===*/
(r
  (statement
    (cspec_fixed
      C
      (cs_controlLevel '  ')
      (onOffIndicatorsFlag ' ')
      (cs_indicators '  ')
      (factor (symbolicConstants *Entry))
      (cspec_fixed_standard
        (csPLIST
          PList
          (cspec_fixed_standard_parts
            (factor '              ')
            (resultType '              ')
            '     '
            '  '
            (resultIndicator '  ')
            (resultIndicator '  ')
            (resultIndicator '  ')
            NL
          )
        )
      )
    )
  )
  (statement
    (cspec_fixed
      C
      (cs_controlLevel '  ')
      (onOffIndicatorsFlag ' ')
      (cs_indicators '  ')
      (factor '              ')
      (cspec_fixed_x2
        (csOperationAndExtendedFactor2 CALLP)
        (c_free
          (expression
            (function
              (functionName (free_identifier (idOrKeyword proc1)))
              (args ( (expression (identifier (free_identifier (idOrKeyword parm1)))) ))
            )
          )
        )
        NL
      )
    )
  )
  (statement
    (cspec_fixed
      C
      (cs_controlLevel '  ')
      (onOffIndicatorsFlag ' ')
      (cs_indicators '  ')
      (factor '              ')
      (cspec_fixed_x2
        (csOperationAndExtendedFactor2 CALLP)
        (c_free
          (expression
            (function
              (functionName (free_identifier (idOrKeyword proc2)))
              (args
                (
                (expression (identifier (free_identifier (idOrKeyword parm1))))
                :
                (expression (identifier (free_identifier (idOrKeyword parm2))))
                )
              )
            )
          )
        )
        NL
      )
    )
  )
  (statement
    (cspec_fixed
      C
      (cs_controlLevel '  ')
      (onOffIndicatorsFlag ' ')
      (cs_indicators '  ')
      (factor '              ')
      (cspec_fixed_x2
        (csOperationAndExtendedFactor2 CALLP (cs_operationExtender ( e )))
        (c_free
          (expression
            (function
              (functionName (free_identifier (idOrKeyword proc2)))
              (args
                (
                (expression (identifier (free_identifier (idOrKeyword parm1))))
                :
                (expression (identifier (free_identifier (idOrKeyword parm2))))
                )
              )
            )
          )
        )
        NL
      )
    )
  )
  (statement
    (cspec_fixed
      C
      (cs_controlLevel '  ')
      (onOffIndicatorsFlag ' ')
      (cs_indicators '  ')
      (factor '              ')
      (cspec_fixed_x2
        (csOperationAndExtendedFactor2 CALLP (cs_operationExtender ( e )))
        (c_free
          (expression
            (function
              (functionName (free_identifier (idOrKeyword proc3)))
              (args
                (
                (expression
                  (expression
                    (function
                      (functionName (free_identifier (idOrKeyword arr)))
                      (args ( (expression (identifier (free_identifier (idOrKeyword x)))) ))
                    )
                  )
                  +
                  (expression (number 1))
                )
                )
              )
            )
          )
        )
        NL
      )
    )
  )
  (statement (directive ' /' (beginfree_directive Free) ))
  (statement
    (free
      (baseExpression
        (op
          (op_callp
            callp
            (identifier (free_identifier (idOrKeyword proc1)))
            (
            (expression (identifier (free_identifier (idOrKeyword parm1))))
            )
          )
        )
      )
      ;
    )
  )
  (statement
    (free
      (baseExpression
        (op
          (op_callp
            CALLP
            (cs_operationExtender ( e ))
            (identifier (free_identifier (idOrKeyword proc1)))
            (
            (expression (identifier (free_identifier (idOrKeyword parm1))))
            :
            (expression (identifier (free_identifier (idOrKeyword parm2))))
            )
          )
        )
      )
      ;
    )
  )
  (statement
    (free
      (baseExpression
        (op
          (op_callp
            (identifier (free_identifier (idOrKeyword proc3)))
            (
            (expression (literal ' parm1 '))
            :
            (expression (identifier (free_identifier (idOrKeyword parm2))))
            )
          )
        )
      )
      ;
    )
  )
  (statement
    (free
      (baseExpression
        (op
          (op_callp
            (identifier (free_identifier (idOrKeyword proc4)))
            (
            (expression
              (expression
                (bif
                  (bif_len %len ( (expression (identifier (free_identifier (idOrKeyword xx)))) ))
                )
              )
              +
              (expression (number 5))
            )
            :
            (expression (literal ' literal '))
            )
          )
        )
      )
      ;
    )
  )
  (statement (directive ' /' (endfree_directive end-free) ))
  (statement
    (cspec_fixed
      C
      (cs_controlLevel '  ')
      (onOffIndicatorsFlag ' ')
      (cs_indicators '  ')
      (factor '              ')
      (cspec_fixed_standard
        (csSETON
          SETON
          (cspec_fixed_standard_parts
            (factor '              ')
            (resultType '              ')
            '     '
            '  '
            (resultIndicator LR)
            (resultIndicator '  ')
            (resultIndicator '  ')
            NL
          )
        )
      )
    )
  )
)
/*======*/