/*===TOKENS===*/
HIDDEN:COMMENT_SPEC_FIXED<C*>
HIDDEN:COMMENTS_TEXT     <0N01Factor1+++++++Opcode(E)+Factor2+++++++Result++++++++Len++D+HiLoEq....>
CS_FIXED                 <C>
BlankIndicator           <  >
BlankFlag                < >
BlankIndicator           <  >
SPLAT_ENTRY              <*Entry>
OP_PLIST                 <PList>
'              '         <              >
'              '         <              >
CS_FieldLength           <     >
CS_DecimalPositions      <  >
BlankIndicator           <  >
BlankIndicator           <  >
BlankIndicator           <  >
EOL                      <
>
HIDDEN:COMMENT_SPEC_FIXED< *>
CS_FIXED                 <C>
BlankIndicator           <  >
BlankFlag                < >
BlankIndicator           <  >
CS_FactorContent         <Field1>
OP_CASLT                 <CASLT>
CS_FactorContent         <FIELDB>
CS_FactorContent         <SUBR>
CS_FieldLength           <     >
CS_DecimalPositions      <  >
BlankIndicator           <  >
BlankIndicator           <  >
BlankIndicator           <  >
EOL                      <
>
CS_FIXED                 <C>
BlankIndicator           <  >
BlankFlag                < >
BlankIndicator           <  >
CS_FactorContent         <Field1>
OP_CASLE                 <CASLE>
CS_FactorContent         <FIELDB>
CS_FactorContent         <SUBR>
CS_FieldLength           <     >
CS_DecimalPositions      <  >
BlankIndicator           <  >
BlankIndicator           <  >
BlankIndicator           <  >
EOL                      <
>
CS_FIXED                 <C>
BlankIndicator           <  >
BlankFlag                < >
BlankIndicator           <  >
CS_FactorContent         <Field1>
OP_CASLE                 <CASLE>
CS_FactorContent         <FIELDB>
CS_FactorContent         <SUBR>
CS_FieldLength           <     >
CS_DecimalPositions      <  >
BlankIndicator           <  >
BlankIndicator           <  >
GeneralIndicator         <16>
EOL                      <
>
CS_FIXED                 <C>
BlankIndicator           <  >
BlankFlag                < >
BlankIndicator           <  >
CS_FactorContent         <Field1>
OP_CAS                   <CAS>
CS_FactorContent         <FIELDB>
CS_FactorContent         <SUBR>
CS_FieldLength           <     >
CS_DecimalPositions      <  >
GeneralIndicator         <17>
GeneralIndicator         <18>
BlankIndicator           <  >
EOL                      <
>
CS_FIXED                 <C>
BlankIndicator           <  >
BlankFlag                < >
BlankIndicator           <  >
CS_FactorContent         <Field1>
OP_CAS                   <CAS>
CS_FactorContent         <FIELDB>
CS_FactorContent         <SUBR>
CS_FieldLength           <     >
CS_DecimalPositions      <  >
BlankIndicator           <  >
BlankIndicator           <  >
GeneralIndicator         <19>
EOL                      <
>
CS_FIXED                 <C>
BlankIndicator           <  >
BlankFlag                < >
BlankIndicator           <  >
CS_FactorContent         <Field1>
OP_CASGT                 <casgt>
CS_FactorContent         <FIELDB>
CS_FactorContent         <SUBR>
CS_FieldLength           <     >
CS_DecimalPositions      <  >
BlankIndicator           <  >
BlankIndicator           <  >
BlankIndicator           <  >
EOL                      <
>
CS_FIXED                 <C>
BlankIndicator           <  >
BlankFlag                < >
BlankIndicator           <  >
CS_FactorContent         <Field1>
OP_CASGE                 <CASge>
CS_FactorContent         <FIELDB>
CS_FactorContent         <SUBR>
CS_FieldLength           <     >
CS_DecimalPositions      <  >
BlankIndicator           <  >
BlankIndicator           <  >
BlankIndicator           <  >
EOL                      <
>
CS_FIXED                 <C>
BlankIndicator           <  >
BlankFlag                < >
BlankIndicator           <  >
CS_FactorContent         <Field1>
OP_CASEQ                 <CASEQ>
CS_FactorContent         <FIELDB>
CS_FactorContent         <SUBR>
CS_FieldLength           <     >
CS_DecimalPositions      <  >
BlankIndicator           <  >
GeneralIndicator         <20>
BlankIndicator           <  >
EOL                      <
>
CS_FIXED                 <C>
BlankIndicator           <  >
BlankFlag                < >
BlankIndicator           <  >
CS_FactorContent         <Field1>
OP_CASEQ                 <CASEQ>
CS_FactorContent         <FIELDB>
CS_FactorContent         <SUBR>
CS_FieldLength           <     >
CS_DecimalPositions      <  >
GeneralIndicator         <21>
BlankIndicator           <  >
BlankIndicator           <  >
EOL                      <
>
CS_FIXED                 <C>
BlankIndicator           <  >
BlankFlag                < >
BlankIndicator           <  >
'              '         <              >
OP_ENDCS                 <ENDCS>
'              '         <              >
'              '         <              >
CS_FieldLength           <     >
CS_DecimalPositions      <  >
BlankIndicator           <  >
BlankIndicator           <  >
BlankIndicator           <  >
EOL                      <
>
HIDDEN:COMMENT_SPEC_FIXED< *>
CS_FIXED                 <C>
BlankIndicator           <  >
BlankFlag                < >
BlankIndicator           <  >
CS_FactorContent         <SUBR>
OP_BEGSR                 <BEGSR>
'              '         <              >
'              '         <              >
CS_FieldLength           <     >
CS_DecimalPositions      <  >
BlankIndicator           <  >
BlankIndicator           <  >
BlankIndicator           <  >
EOL                      <
>
CS_FIXED                 <C>
BlankIndicator           <  >
BlankFlag                < >
BlankIndicator           <  >
'              '         <              >
OP_ENDSR                 <ENDSR>
'              '         <              >
'              '         <              >
CS_FieldLength           <     >
CS_DecimalPositions      <  >
BlankIndicator           <  >
BlankIndicator           <  >
BlankIndicator           <  >
EOL                      <
>
CS_FIXED                 <C>
BlankIndicator           <  >
BlankFlag                < >
BlankIndicator           <  >
'              '         <              >
OP_SETON                 <SETON>
'              '         <              >
'              '         <              >
CS_FieldLength           <     >
CS_DecimalPositions      <  >
LastRecordIndicator      <LR>
BlankIndicator           <  >
BlankIndicator           <  >
EOL                      <
>
/*===TREE===*/
(r
  (statement
    (cspec_fixed
      C
      (cs_controlLevel '  ')
      (onOffIndicatorsFlag ' ')
      (cs_indicators '  ')
      (factor (symbolicConstants *Entry))
      (cspec_fixed_standard
        (csPLIST
          PList
          (cspec_fixed_standard_parts
            (factor '              ')
            (resultType '              ')
            '     '
            '  '
            (resultIndicator '  ')
            (resultIndicator '  ')
            (resultIndicator '  ')
            NL
          )
        )
      )
    )
  )
  (statement
    (block
      (casestatement
        C
        (cs_controlLevel '  ')
        (onOffIndicatorsFlag ' ')
        (cs_indicators '  ')
        (factor (factorContent Field1))
        (csCASLT
          CASLT
          (cspec_fixed_standard_parts
            (factor (factorContent FIELDB))
            (resultType SUBR)
            '     '
            '  '
            (resultIndicator '  ')
            (resultIndicator '  ')
            (resultIndicator '  ')
            NL
          )
        )
        C
        (cs_controlLevel '  ')
        (onOffIndicatorsFlag ' ')
        (cs_indicators '  ')
        (factor (factorContent Field1))
        (csCASLE
          CASLE
          (cspec_fixed_standard_parts
            (factor (factorContent FIELDB))
            (resultType SUBR)
            '     '
            '  '
            (resultIndicator '  ')
            (resultIndicator '  ')
            (resultIndicator '  ')
            NL
          )
        )
        C
        (cs_controlLevel '  ')
        (onOffIndicatorsFlag ' ')
        (cs_indicators '  ')
        (factor (factorContent Field1))
        (csCASLE
          CASLE
          (cspec_fixed_standard_parts
            (factor (factorContent FIELDB))
            (resultType SUBR)
            '     '
            '  '
            (resultIndicator '  ')
            (resultIndicator '  ')
            (resultIndicator 16)
            NL
          )
        )
        C
        (cs_controlLevel '  ')
        (onOffIndicatorsFlag ' ')
        (cs_indicators '  ')
        (factor (factorContent Field1))
        (csCAS
          CAS
          (cspec_fixed_standard_parts
            (factor (factorContent FIELDB))
            (resultType SUBR)
            '     '
            '  '
            (resultIndicator 17)
            (resultIndicator 18)
            (resultIndicator '  ')
            NL
          )
        )
        C
        (cs_controlLevel '  ')
        (onOffIndicatorsFlag ' ')
        (cs_indicators '  ')
        (factor (factorContent Field1))
        (csCAS
          CAS
          (cspec_fixed_standard_parts
            (factor (factorContent FIELDB))
            (resultType SUBR)
            '     '
            '  '
            (resultIndicator '  ')
            (resultIndicator '  ')
            (resultIndicator 19)
            NL
          )
        )
        C
        (cs_controlLevel '  ')
        (onOffIndicatorsFlag ' ')
        (cs_indicators '  ')
        (factor (factorContent Field1))
        (csCASGT
          casgt
          (cspec_fixed_standard_parts
            (factor (factorContent FIELDB))
            (resultType SUBR)
            '     '
            '  '
            (resultIndicator '  ')
            (resultIndicator '  ')
            (resultIndicator '  ')
            NL
          )
        )
        C
        (cs_controlLevel '  ')
        (onOffIndicatorsFlag ' ')
        (cs_indicators '  ')
        (factor (factorContent Field1))
        (csCASGE
          CASge
          (cspec_fixed_standard_parts
            (factor (factorContent FIELDB))
            (resultType SUBR)
            '     '
            '  '
            (resultIndicator '  ')
            (resultIndicator '  ')
            (resultIndicator '  ')
            NL
          )
        )
        C
        (cs_controlLevel '  ')
        (onOffIndicatorsFlag ' ')
        (cs_indicators '  ')
        (factor (factorContent Field1))
        (csCASEQ
          CASEQ
          (cspec_fixed_standard_parts
            (factor (factorContent FIELDB))
            (resultType SUBR)
            '     '
            '  '
            (resultIndicator '  ')
            (resultIndicator 20)
            (resultIndicator '  ')
            NL
          )
        )
        C
        (cs_controlLevel '  ')
        (onOffIndicatorsFlag ' ')
        (cs_indicators '  ')
        (factor (factorContent Field1))
        (csCASEQ
          CASEQ
          (cspec_fixed_standard_parts
            (factor (factorContent FIELDB))
            (resultType SUBR)
            '     '
            '  '
            (resultIndicator 21)
            (resultIndicator '  ')
            (resultIndicator '  ')
            NL
          )
        )
        (casestatementend
          C
          (cs_controlLevel '  ')
          (onOffIndicatorsFlag ' ')
          (cs_indicators '  ')
          (factor '              ')
          (csENDCS
            ENDCS
            (cspec_fixed_standard_parts
              (factor '              ')
              (resultType '              ')
              '     '
              '  '
              (resultIndicator '  ')
              (resultIndicator '  ')
              (resultIndicator '  ')
              NL
            )
          )
        )
      )
    )
  )
  (subroutine
    (begsr
      (csBEGSR
        C
        (cs_controlLevel '  ')
        (onOffIndicatorsFlag ' ')
        (cs_indicators '  ')
        (factor (factorContent SUBR))
        BEGSR
        (cspec_fixed_standard_parts
          (factor '              ')
          (resultType '              ')
          '     '
          '  '
          (resultIndicator '  ')
          (resultIndicator '  ')
          (resultIndicator '  ')
          NL
        )
      )
    )
    (endsr
      (csENDSR
        C
        (cs_controlLevel '  ')
        (onOffIndicatorsFlag ' ')
        (cs_indicators '  ')
        (factor '              ')
        ENDSR
        (cspec_fixed_standard_parts
          (factor '              ')
          (resultType '              ')
          '     '
          '  '
          (resultIndicator '  ')
          (resultIndicator '  ')
          (resultIndicator '  ')
          NL
        )
      )
    )
  )
  (statement
    (cspec_fixed
      C
      (cs_controlLevel '  ')
      (onOffIndicatorsFlag ' ')
      (cs_indicators '  ')
      (factor '              ')
      (cspec_fixed_standard
        (csSETON
          SETON
          (cspec_fixed_standard_parts
            (factor '              ')
            (resultType '              ')
            '     '
            '  '
            (resultIndicator LR)
            (resultIndicator '  ')
            (resultIndicator '  ')
            NL
          )
        )
      )
    )
  )
)
/*======*/