/*===TOKENS===*/
HIDDEN:COMMENT_SPEC_FIXED<C*>
HIDDEN:COMMENTS_TEXT     <0N01Factor1+++++++Opcode(E)+Factor2+++++++Result++++++++Len++D+HiLoEq....>
CS_FIXED                 <C>
BlankIndicator           <  >
BlankFlag                < >
BlankIndicator           <  >
SPLAT_ENTRY              <*Entry>
OP_PLIST                 <PList>
'              '         <              >
'              '         <              >
CS_FieldLength           <     >
CS_DecimalPositions      <  >
BlankIndicator           <  >
BlankIndicator           <  >
BlankIndicator           <  >
EOL                      <
>
HIDDEN:COMMENT_SPEC_FIXED< *>
CS_FIXED                 <C>
BlankIndicator           <  >
BlankFlag                < >
BlankIndicator           <  >
'              '         <              >
OP_DEALLOC               <DEALLOC>
'              '         <              >
CS_FactorContent         <Ptr>
CS_FieldLength           <     >
CS_DecimalPositions      <  >
BlankIndicator           <  >
BlankIndicator           <  >
BlankIndicator           <  >
EOL                      <
>
CS_FIXED                 <C>
BlankIndicator           <  >
BlankFlag                < >
BlankIndicator           <  >
'              '         <              >
OP_DEALLOC               <dealloc>
'('                      <(>
CS_OperationAndExtender  <e>
')'                      <)>
'              '         <              >
CS_FactorContent         <Ptr>
CS_FieldLength           <     >
CS_DecimalPositions      <  >
BlankIndicator           <  >
BlankIndicator           <  >
BlankIndicator           <  >
EOL                      <
>
CS_FIXED                 <C>
BlankIndicator           <  >
BlankFlag                < >
BlankIndicator           <  >
'              '         <              >
OP_DEALLOC               <dealloc>
'              '         <              >
CS_FactorContent         <Ptr>
CS_FieldLength           <     >
CS_DecimalPositions      <  >
BlankIndicator           <  >
GeneralIndicator         <99>
BlankIndicator           <  >
EOL                      <
>
CS_FIXED                 <C>
BlankIndicator           <  >
BlankFlag                < >
BlankIndicator           <  >
'              '         <              >
OP_DEALLOC               <dealloc>
'('                      <(>
CS_OperationAndExtender  <n>
')'                      <)>
'              '         <              >
CS_FactorContent         <Ptr>
CS_FieldLength           <     >
CS_DecimalPositions      <  >
BlankIndicator           <  >
BlankIndicator           <  >
BlankIndicator           <  >
EOL                      <
>
DIRECTIVE                < />
DIR_FREE                 <Free>
EOL                      <>
OP_DEALLOC               <dealloc>
ID                       <ptr>
FREE_SEMI                <;>
OP_DEALLOC               <DEALLOC>
'('                      <(>
CS_OperationAndExtender  <e>
')'                      <)>
ID                       <ptr>
FREE_SEMI                <;>
OP_DEALLOC               <dealloc>
'('                      <(>
CS_OperationAndExtender  <n>
CS_OperationAndExtender  <e>
')'                      <)>
ID                       <ptr>
FREE_SEMI                <;>
OP_DEALLOC               <Dealloc>
'('                      <(>
CS_OperationAndExtender  <n>
')'                      <)>
ID                       <ptr>
FREE_SEMI                <;>
DIRECTIVE                < />
DIR_ENDFREE              <end-free>
EOL                      <>
HIDDEN:COMMENT_SPEC_FIXED< *>
CS_FIXED                 <C>
BlankIndicator           <  >
BlankFlag                < >
BlankIndicator           <  >
'              '         <              >
OP_SETON                 <SETON>
'              '         <              >
'              '         <              >
CS_FieldLength           <     >
CS_DecimalPositions      <  >
LastRecordIndicator      <LR>
BlankIndicator           <  >
BlankIndicator           <  >
EOL                      <
>
/*===TREE===*/
(r
  (statement
    (cspec_fixed
      C
      (cs_controlLevel '  ')
      (onOffIndicatorsFlag ' ')
      (cs_indicators '  ')
      (factor (symbolicConstants *Entry))
      (cspec_fixed_standard
        (csPLIST
          PList
          (cspec_fixed_standard_parts
            (factor '              ')
            (resultType '              ')
            '     '
            '  '
            (resultIndicator '  ')
            (resultIndicator '  ')
            (resultIndicator '  ')
            NL
          )
        )
      )
    )
  )
  (statement
    (cspec_fixed
      C
      (cs_controlLevel '  ')
      (onOffIndicatorsFlag ' ')
      (cs_indicators '  ')
      (factor '              ')
      (cspec_fixed_standard
        (csDEALLOC
          DEALLOC
          (cspec_fixed_standard_parts
            (factor '              ')
            (resultType Ptr)
            '     '
            '  '
            (resultIndicator '  ')
            (resultIndicator '  ')
            (resultIndicator '  ')
            NL
          )
        )
      )
    )
  )
  (statement
    (cspec_fixed
      C
      (cs_controlLevel '  ')
      (onOffIndicatorsFlag ' ')
      (cs_indicators '  ')
      (factor '              ')
      (cspec_fixed_standard
        (csDEALLOC
          dealloc
          (cs_operationExtender ( e ))
          (cspec_fixed_standard_parts
            (factor '              ')
            (resultType Ptr)
            '     '
            '  '
            (resultIndicator '  ')
            (resultIndicator '  ')
            (resultIndicator '  ')
            NL
          )
        )
      )
    )
  )
  (statement
    (cspec_fixed
      C
      (cs_controlLevel '  ')
      (onOffIndicatorsFlag ' ')
      (cs_indicators '  ')
      (factor '              ')
      (cspec_fixed_standard
        (csDEALLOC
          dealloc
          (cspec_fixed_standard_parts
            (factor '              ')
            (resultType Ptr)
            '     '
            '  '
            (resultIndicator '  ')
            (resultIndicator 99)
            (resultIndicator '  ')
            NL
          )
        )
      )
    )
  )
  (statement
    (cspec_fixed
      C
      (cs_controlLevel '  ')
      (onOffIndicatorsFlag ' ')
      (cs_indicators '  ')
      (factor '              ')
      (cspec_fixed_standard
        (csDEALLOC
          dealloc
          (cs_operationExtender ( n ))
          (cspec_fixed_standard_parts
            (factor '              ')
            (resultType Ptr)
            '     '
            '  '
            (resultIndicator '  ')
            (resultIndicator '  ')
            (resultIndicator '  ')
            NL
          )
        )
      )
    )
  )
  (statement (directive ' /' (beginfree_directive Free) ))
  (statement
    (free
      (baseExpression
        (op (op_dealloc dealloc (identifier (free_identifier (idOrKeyword ptr)))))
      )
      ;
    )
  )
  (statement
    (free
      (baseExpression
        (op
          (op_dealloc
            DEALLOC
            (cs_operationExtender ( e ))
            (identifier (free_identifier (idOrKeyword ptr)))
          )
        )
      )
      ;
    )
  )
  (statement
    (free
      (baseExpression
        (op
          (op_dealloc
            dealloc
            (cs_operationExtender ( n e ))
            (identifier (free_identifier (idOrKeyword ptr)))
          )
        )
      )
      ;
    )
  )
  (statement
    (free
      (baseExpression
        (op
          (op_dealloc
            Dealloc
            (cs_operationExtender ( n ))
            (identifier (free_identifier (idOrKeyword ptr)))
          )
        )
      )
      ;
    )
  )
  (statement (directive ' /' (endfree_directive end-free) ))
  (statement
    (cspec_fixed
      C
      (cs_controlLevel '  ')
      (onOffIndicatorsFlag ' ')
      (cs_indicators '  ')
      (factor '              ')
      (cspec_fixed_standard
        (csSETON
          SETON
          (cspec_fixed_standard_parts
            (factor '              ')
            (resultType '              ')
            '     '
            '  '
            (resultIndicator LR)
            (resultIndicator '  ')
            (resultIndicator '  ')
            NL
          )
        )
      )
    )
  )
)
/*======*/