/*===TOKENS===*/
CS_FIXED                 <C>
BlankIndicator           <  >
BlankFlag                < >
BlankIndicator           <  >
CS_FactorContent         <Field1>
OP_IFGT                  <IFGT>
CS_FactorContent         <FIELDB>
'              '         <              >
CS_FieldLength           <     >
CS_DecimalPositions      <  >
BlankIndicator           <  >
BlankIndicator           <  >
BlankIndicator           <  >
EOL                      <
>
CS_FIXED                 <C>
BlankIndicator           <  >
BlankFlag                < >
BlankIndicator           <  >
CS_FactorContent         <XPMC>
OP_ANDGT                 <ANDGT>
SPLAT_ALL                <*ALL>
StringLiteralStart       <'>
StringContent            <0>
StringLiteralEnd         <'>
CS_FactorContent         <xxx>
CS_FieldLength           <     >
CS_DecimalPositions      <  >
BlankIndicator           <  >
BlankIndicator           <  >
BlankIndicator           <  >
EOL                      <
>
CS_FIXED                 <C>
BlankIndicator           <  >
BlankFlag                < >
BlankIndicator           <  >
'              '         <              >
OP_ENDIF                 <endif>
'              '         <              >
'              '         <              >
CS_FieldLength           <     >
CS_DecimalPositions      <  >
BlankIndicator           <  >
BlankIndicator           <  >
BlankIndicator           <  >
/*===TREE===*/
(r
  (statement
    (block
      (ifstatement
        (beginif
          (csIFxx
            C
            (cs_controlLevel '  ')
            (onOffIndicatorsFlag ' ')
            (cs_indicators '  ')
            (factor (factorContent Field1))
            (csIFGT
              IFGT
              (cspec_fixed_standard_parts
                (factor (factorContent FIELDB))
                (resultType '              ')
                '     '
                '  '
                (resultIndicator '  ')
                (resultIndicator '  ')
                (resultIndicator '  ')
                NL
              )
            )
            (csANDxx
              C
              (cs_controlLevel '  ')
              (onOffIndicatorsFlag ' ')
              (cs_indicators '  ')
              (factor (factorContent XPMC))
              (csANDGT
                ANDGT
                (cspec_fixed_standard_parts
                  (factor (symbolicConstants *ALL) (literal ' 0 '))
                  (resultType xxx)
                  '     '
                  '  '
                  (resultIndicator '  ')
                  (resultIndicator '  ')
                  (resultIndicator '  ')
                  NL
                )
              )
            )
          )
        )
        (endif
          C
          (cs_controlLevel '  ')
          (onOffIndicatorsFlag ' ')
          (cs_indicators '  ')
          (factor '              ')
          (csENDIF
            endif
            (cspec_fixed_standard_parts
              (factor '              ')
              (resultType '              ')
              '     '
              '  '
              (resultIndicator '  ')
              (resultIndicator '  ')
              (resultIndicator '  ')
              <EOF>
            )
          )
        )
      )
    )
  )
)
/*======*/