/*===TOKENS===*/
HIDDEN:COMMENT_SPEC_FIXED<C*>
HIDDEN:COMMENTS_TEXT     <0N01Factor1+++++++Opcode(E)+Factor2+++++++Result++++++++Len++D+HiLoEq....>
CS_FIXED                 <C>
BlankIndicator           <  >
BlankFlag                < >
BlankIndicator           <  >
SPLAT_ENTRY              <*Entry>
OP_PLIST                 <PList>
'              '         <              >
'              '         <              >
CS_FieldLength           <     >
CS_DecimalPositions      <  >
BlankIndicator           <  >
BlankIndicator           <  >
BlankIndicator           <  >
EOL                      <
>
HIDDEN:COMMENT_SPEC_FIXED< *>
CS_FIXED                 <C>
BlankIndicator           <  >
BlankFlag                < >
BlankIndicator           <  >
'              '         <              >
OP_READ                  <READ>
CS_FactorContent         <MYFILE>
'              '         <              >
CS_FieldLength           <     >
CS_DecimalPositions      <  >
BlankIndicator           <  >
BlankIndicator           <  >
BlankIndicator           <  >
EOL                      <
>
CS_FIXED                 <C>
BlankIndicator           <  >
BlankFlag                < >
BlankIndicator           <  >
'              '         <              >
OP_READ                  <read>
CS_FactorContent         <myfile>
'              '         <              >
CS_FieldLength           <     >
CS_DecimalPositions      <  >
BlankIndicator           <  >
GeneralIndicator         <99>
GeneralIndicator         <98>
EOL                      <
>
CS_FIXED                 <C>
BlankIndicator           <  >
BlankFlag                < >
BlankIndicator           <  >
'              '         <              >
OP_READ                  <read>
'('                      <(>
CS_OperationAndExtender  <e>
')'                      <)>
CS_FactorContent         <myfile>
'              '         <              >
CS_FieldLength           <     >
CS_DecimalPositions      <  >
BlankIndicator           <  >
BlankIndicator           <  >
BlankIndicator           <  >
EOL                      <
>
CS_FIXED                 <C>
BlankIndicator           <  >
BlankFlag                < >
BlankIndicator           <  >
'              '         <              >
OP_READ                  <READ>
CS_FactorContent         <myfile>
'              '         <              >
CS_FieldLength           <     >
CS_DecimalPositions      <  >
BlankIndicator           <  >
GeneralIndicator         <99>
BlankIndicator           <  >
EOL                      <
>
CS_FIXED                 <C>
BlankIndicator           <  >
BlankFlag                < >
BlankIndicator           <  >
'              '         <              >
OP_READ                  <READ>
'('                      <(>
CS_OperationAndExtender  <N>
')'                      <)>
CS_FactorContent         <myfile>
'              '         <              >
CS_FieldLength           <     >
CS_DecimalPositions      <  >
BlankIndicator           <  >
BlankIndicator           <  >
GeneralIndicator         <98>
EOL                      <
>
CS_FIXED                 <C>
BlankIndicator           <  >
BlankFlag                < >
BlankIndicator           <  >
'              '         <              >
OP_READ                  <read>
CS_FactorContent         <myfile>
CS_FactorContent         <myds>
CS_FieldLength           <     >
CS_DecimalPositions      <  >
BlankIndicator           <  >
BlankIndicator           <  >
BlankIndicator           <  >
EOL                      <
>
CS_FIXED                 <C>
BlankIndicator           <  >
BlankFlag                < >
BlankIndicator           <  >
'              '         <              >
OP_READ                  <read>
CS_FactorContent         <myfile>
CS_FactorContent         <myds>
CS_FieldLength           <     >
CS_DecimalPositions      <  >
BlankIndicator           <  >
GeneralIndicator         <98>
GeneralIndicator         <99>
EOL                      <
>
DIRECTIVE                < />
DIR_FREE                 <Free>
EOL                      <>
OP_READ                  <READ>
ID                       <myfile>
FREE_SEMI                <;>
OP_READ                  <READ>
'('                      <(>
CS_OperationAndExtender  <e>
')'                      <)>
ID                       <myfile>
FREE_SEMI                <;>
OP_READ                  <read>
'('                      <(>
CS_OperationAndExtender  <n>
')'                      <)>
ID                       <myfile>
FREE_SEMI                <;>
OP_READ                  <READ>
ID                       <myfile>
ID                       <myds>
FREE_SEMI                <;>
OP_READ                  <read>
'('                      <(>
CS_OperationAndExtender  <e>
')'                      <)>
ID                       <myfile>
ID                       <myds>
FREE_SEMI                <;>
DIRECTIVE                < />
DIR_ENDFREE              <end-free>
EOL                      <>
HIDDEN:COMMENT_SPEC_FIXED< *>
CS_FIXED                 <C>
BlankIndicator           <  >
BlankFlag                < >
BlankIndicator           <  >
'              '         <              >
OP_SETON                 <SETON>
'              '         <              >
'              '         <              >
CS_FieldLength           <     >
CS_DecimalPositions      <  >
LastRecordIndicator      <LR>
BlankIndicator           <  >
BlankIndicator           <  >
EOL                      <
>
/*===TREE===*/
(r
  (statement
    (cspec_fixed
      C
      (cs_controlLevel '  ')
      (onOffIndicatorsFlag ' ')
      (cs_indicators '  ')
      (factor (symbolicConstants *Entry))
      (cspec_fixed_standard
        (csPLIST
          PList
          (cspec_fixed_standard_parts
            (factor '              ')
            (resultType '              ')
            '     '
            '  '
            (resultIndicator '  ')
            (resultIndicator '  ')
            (resultIndicator '  ')
            NL
          )
        )
      )
    )
  )
  (statement
    (cspec_fixed
      C
      (cs_controlLevel '  ')
      (onOffIndicatorsFlag ' ')
      (cs_indicators '  ')
      (factor '              ')
      (cspec_fixed_standard
        (csREAD
          READ
          (cspec_fixed_standard_parts
            (factor (factorContent MYFILE))
            (resultType '              ')
            '     '
            '  '
            (resultIndicator '  ')
            (resultIndicator '  ')
            (resultIndicator '  ')
            NL
          )
        )
      )
    )
  )
  (statement
    (cspec_fixed
      C
      (cs_controlLevel '  ')
      (onOffIndicatorsFlag ' ')
      (cs_indicators '  ')
      (factor '              ')
      (cspec_fixed_standard
        (csREAD
          read
          (cspec_fixed_standard_parts
            (factor (factorContent myfile))
            (resultType '              ')
            '     '
            '  '
            (resultIndicator '  ')
            (resultIndicator 99)
            (resultIndicator 98)
            NL
          )
        )
      )
    )
  )
  (statement
    (cspec_fixed
      C
      (cs_controlLevel '  ')
      (onOffIndicatorsFlag ' ')
      (cs_indicators '  ')
      (factor '              ')
      (cspec_fixed_standard
        (csREAD
          read
          (cs_operationExtender ( e ))
          (cspec_fixed_standard_parts
            (factor (factorContent myfile))
            (resultType '              ')
            '     '
            '  '
            (resultIndicator '  ')
            (resultIndicator '  ')
            (resultIndicator '  ')
            NL
          )
        )
      )
    )
  )
  (statement
    (cspec_fixed
      C
      (cs_controlLevel '  ')
      (onOffIndicatorsFlag ' ')
      (cs_indicators '  ')
      (factor '              ')
      (cspec_fixed_standard
        (csREAD
          READ
          (cspec_fixed_standard_parts
            (factor (factorContent myfile))
            (resultType '              ')
            '     '
            '  '
            (resultIndicator '  ')
            (resultIndicator 99)
            (resultIndicator '  ')
            NL
          )
        )
      )
    )
  )
  (statement
    (cspec_fixed
      C
      (cs_controlLevel '  ')
      (onOffIndicatorsFlag ' ')
      (cs_indicators '  ')
      (factor '              ')
      (cspec_fixed_standard
        (csREAD
          READ
          (cs_operationExtender ( N ))
          (cspec_fixed_standard_parts
            (factor (factorContent myfile))
            (resultType '              ')
            '     '
            '  '
            (resultIndicator '  ')
            (resultIndicator '  ')
            (resultIndicator 98)
            NL
          )
        )
      )
    )
  )
  (statement
    (cspec_fixed
      C
      (cs_controlLevel '  ')
      (onOffIndicatorsFlag ' ')
      (cs_indicators '  ')
      (factor '              ')
      (cspec_fixed_standard
        (csREAD
          read
          (cspec_fixed_standard_parts
            (factor (factorContent myfile))
            (resultType myds)
            '     '
            '  '
            (resultIndicator '  ')
            (resultIndicator '  ')
            (resultIndicator '  ')
            NL
          )
        )
      )
    )
  )
  (statement
    (cspec_fixed
      C
      (cs_controlLevel '  ')
      (onOffIndicatorsFlag ' ')
      (cs_indicators '  ')
      (factor '              ')
      (cspec_fixed_standard
        (csREAD
          read
          (cspec_fixed_standard_parts
            (factor (factorContent myfile))
            (resultType myds)
            '     '
            '  '
            (resultIndicator '  ')
            (resultIndicator 98)
            (resultIndicator 99)
            NL
          )
        )
      )
    )
  )
  (statement (directive ' /' (beginfree_directive Free) ))
  (statement
    (free
      (baseExpression
        (op (op_read READ (identifier (free_identifier (idOrKeyword myfile)))))
      )
      ;
    )
  )
  (statement
    (free
      (baseExpression
        (op
          (op_read
            READ
            (cs_operationExtender ( e ))
            (identifier (free_identifier (idOrKeyword myfile)))
          )
        )
      )
      ;
    )
  )
  (statement
    (free
      (baseExpression
        (op
          (op_read
            read
            (cs_operationExtender ( n ))
            (identifier (free_identifier (idOrKeyword myfile)))
          )
        )
      )
      ;
    )
  )
  (statement
    (free
      (baseExpression
        (op
          (op_read
            READ
            (identifier (free_identifier (idOrKeyword myfile)))
            (identifier (free_identifier (idOrKeyword myds)))
          )
        )
      )
      ;
    )
  )
  (statement
    (free
      (baseExpression
        (op
          (op_read
            read
            (cs_operationExtender ( e ))
            (identifier (free_identifier (idOrKeyword myfile)))
            (identifier (free_identifier (idOrKeyword myds)))
          )
        )
      )
      ;
    )
  )
  (statement (directive ' /' (endfree_directive end-free) ))
  (statement
    (cspec_fixed
      C
      (cs_controlLevel '  ')
      (onOffIndicatorsFlag ' ')
      (cs_indicators '  ')
      (factor '              ')
      (cspec_fixed_standard
        (csSETON
          SETON
          (cspec_fixed_standard_parts
            (factor '              ')
            (resultType '              ')
            '     '
            '  '
            (resultIndicator LR)
            (resultIndicator '  ')
            (resultIndicator '  ')
            NL
          )
        )
      )
    )
  )
)
/*======*/