/*===TOKENS===*/
HIDDEN:COMMENT_SPEC_FIXED<C*>
HIDDEN:COMMENTS_TEXT     <0N01Factor1+++++++Opcode(E)+Factor2+++++++Result++++++++Len++D+HiLoEq....>
CS_FIXED                 <C>
BlankIndicator           <  >
BlankFlag                < >
BlankIndicator           <  >
SPLAT_ENTRY              <*Entry>
OP_PLIST                 <PList>
'              '         <              >
'              '         <              >
CS_FieldLength           <     >
CS_DecimalPositions      <  >
BlankIndicator           <  >
BlankIndicator           <  >
BlankIndicator           <  >
EOL                      <
>
HIDDEN:COMMENT_SPEC_FIXED< *>
CS_FIXED                 <C>
BlankIndicator           <  >
BlankFlag                < >
BlankIndicator           <  >
StringLiteralStart       <'>
StringContent            <DEV>
StringLiteralEnd         <'>
OP_REL                   <REL>
CS_FactorContent         <MYFILE>
'              '         <              >
CS_FieldLength           <     >
CS_DecimalPositions      <  >
BlankIndicator           <  >
BlankIndicator           <  >
BlankIndicator           <  >
EOL                      <
>
CS_FIXED                 <C>
BlankIndicator           <  >
BlankFlag                < >
BlankIndicator           <  >
CS_FactorContent         <DEVFL>
OP_REL                   <rel>
CS_FactorContent         <myfile>
'              '         <              >
CS_FieldLength           <     >
CS_DecimalPositions      <  >
BlankIndicator           <  >
GeneralIndicator         <99>
BlankIndicator           <  >
EOL                      <
>
CS_FIXED                 <C>
BlankIndicator           <  >
BlankFlag                < >
BlankIndicator           <  >
StringLiteralStart       <'>
StringContent            <DEV>
StringLiteralEnd         <'>
OP_REL                   <rel>
'('                      <(>
CS_OperationAndExtender  <e>
')'                      <)>
CS_FactorContent         <myfile>
'              '         <              >
CS_FieldLength           <     >
CS_DecimalPositions      <  >
BlankIndicator           <  >
BlankIndicator           <  >
BlankIndicator           <  >
EOL                      <
>
DIRECTIVE                < />
DIR_FREE                 <Free>
EOL                      <>
OP_REL                   <REL>
StringLiteralStart       <'>
StringContent            <DEV>
StringLiteralEnd         <'>
ID                       <myfile>
FREE_SEMI                <;>
OP_REL                   <rel>
ID                       <devfld>
ID                       <myfile>
FREE_SEMI                <;>
OP_REL                   <rel>
'('                      <(>
CS_OperationAndExtender  <e>
')'                      <)>
ID                       <devfld>
ID                       <myfile>
FREE_SEMI                <;>
OP_REL                   <REL>
'('                      <(>
CS_OperationAndExtender  <e>
')'                      <)>
StringLiteralStart       <'>
StringContent            <DEV>
StringLiteralEnd         <'>
ID                       <myfile>
FREE_SEMI                <;>
DIRECTIVE                < />
DIR_ENDFREE              <end-free>
EOL                      <>
HIDDEN:COMMENT_SPEC_FIXED< *>
CS_FIXED                 <C>
BlankIndicator           <  >
BlankFlag                < >
BlankIndicator           <  >
'              '         <              >
OP_SETON                 <SETON>
'              '         <              >
'              '         <              >
CS_FieldLength           <     >
CS_DecimalPositions      <  >
LastRecordIndicator      <LR>
BlankIndicator           <  >
BlankIndicator           <  >
EOL                      <
>
/*===TREE===*/
(r
  (statement
    (cspec_fixed
      C
      (cs_controlLevel '  ')
      (onOffIndicatorsFlag ' ')
      (cs_indicators '  ')
      (factor (symbolicConstants *Entry))
      (cspec_fixed_standard
        (csPLIST
          PList
          (cspec_fixed_standard_parts
            (factor '              ')
            (resultType '              ')
            '     '
            '  '
            (resultIndicator '  ')
            (resultIndicator '  ')
            (resultIndicator '  ')
            NL
          )
        )
      )
    )
  )
  (statement
    (cspec_fixed
      C
      (cs_controlLevel '  ')
      (onOffIndicatorsFlag ' ')
      (cs_indicators '  ')
      (factor (factorContent (literal ' DEV ')))
      (cspec_fixed_standard
        (csREL
          REL
          (cspec_fixed_standard_parts
            (factor (factorContent MYFILE))
            (resultType '              ')
            '     '
            '  '
            (resultIndicator '  ')
            (resultIndicator '  ')
            (resultIndicator '  ')
            NL
          )
        )
      )
    )
  )
  (statement
    (cspec_fixed
      C
      (cs_controlLevel '  ')
      (onOffIndicatorsFlag ' ')
      (cs_indicators '  ')
      (factor (factorContent DEVFL))
      (cspec_fixed_standard
        (csREL
          rel
          (cspec_fixed_standard_parts
            (factor (factorContent myfile))
            (resultType '              ')
            '     '
            '  '
            (resultIndicator '  ')
            (resultIndicator 99)
            (resultIndicator '  ')
            NL
          )
        )
      )
    )
  )
  (statement
    (cspec_fixed
      C
      (cs_controlLevel '  ')
      (onOffIndicatorsFlag ' ')
      (cs_indicators '  ')
      (factor (factorContent (literal ' DEV ')))
      (cspec_fixed_standard
        (csREL
          rel
          (cs_operationExtender ( e ))
          (cspec_fixed_standard_parts
            (factor (factorContent myfile))
            (resultType '              ')
            '     '
            '  '
            (resultIndicator '  ')
            (resultIndicator '  ')
            (resultIndicator '  ')
            NL
          )
        )
      )
    )
  )
  (statement (directive ' /' (beginfree_directive Free) ))
  (statement
    (free
      (baseExpression
        (op
          (op_rel
            REL
            (literal ' DEV ')
            (identifier (free_identifier (idOrKeyword myfile)))
          )
        )
      )
      ;
    )
  )
  (statement
    (free
      (baseExpression
        (op
          (op_rel
            rel
            (identifier (free_identifier (idOrKeyword devfld)))
            (identifier (free_identifier (idOrKeyword myfile)))
          )
        )
      )
      ;
    )
  )
  (statement
    (free
      (baseExpression
        (op
          (op_rel
            rel
            (cs_operationExtender ( e ))
            (identifier (free_identifier (idOrKeyword devfld)))
            (identifier (free_identifier (idOrKeyword myfile)))
          )
        )
      )
      ;
    )
  )
  (statement
    (free
      (baseExpression
        (op
          (op_rel
            REL
            (cs_operationExtender ( e ))
            (literal ' DEV ')
            (identifier (free_identifier (idOrKeyword myfile)))
          )
        )
      )
      ;
    )
  )
  (statement (directive ' /' (endfree_directive end-free) ))
  (statement
    (cspec_fixed
      C
      (cs_controlLevel '  ')
      (onOffIndicatorsFlag ' ')
      (cs_indicators '  ')
      (factor '              ')
      (cspec_fixed_standard
        (csSETON
          SETON
          (cspec_fixed_standard_parts
            (factor '              ')
            (resultType '              ')
            '     '
            '  '
            (resultIndicator LR)
            (resultIndicator '  ')
            (resultIndicator '  ')
            NL
          )
        )
      )
    )
  )
)
/*======*/