/*===TOKENS===*/
HIDDEN:COMMENT_SPEC_FIXED<C*>
HIDDEN:COMMENTS_TEXT     <0N01Factor1+++++++Opcode(E)+Factor2+++++++Result++++++++Len++D+HiLoEq....>
CS_FIXED                 <C>
BlankIndicator           <  >
BlankFlag                < >
BlankIndicator           <  >
SPLAT_ENTRY              <*Entry>
OP_PLIST                 <PList>
'              '         <              >
'              '         <              >
CS_FieldLength           <     >
CS_DecimalPositions      <  >
BlankIndicator           <  >
BlankIndicator           <  >
BlankIndicator           <  >
EOL                      <
>
HIDDEN:COMMENT_SPEC_FIXED< *>
CS_FIXED                 <C>
BlankIndicator           <  >
BlankFlag                < >
BlankIndicator           <  >
'              '         <              >
OP_RETURN                <RETURN>
C_FREE_NEWLINE           <
>
CS_FIXED                 <C>
BlankIndicator           <  >
BlankFlag                < >
BlankIndicator           <  >
'              '         <              >
OP_RETURN                <RETURN>
ID                       <MYDS>
C_FREE_NEWLINE           <
>
CS_FIXED                 <C>
BlankIndicator           <  >
BlankFlag                < >
BlankIndicator           <  >
'              '         <              >
OP_RETURN                <RETURN>
ID                       <MYVAR>
'+'                      <+>
NUMBER                   <10>
C_FREE_NEWLINE           <
>
CS_FIXED                 <C>
BlankIndicator           <  >
BlankFlag                < >
BlankIndicator           <  >
'              '         <              >
OP_RETURN                <Return>
DateLiteralStart         <D'>
StringContent            <1995-10-01>
StringLiteralEnd         <'>
C_FREE_NEWLINE           <
>
CS_FIXED                 <C>
BlankIndicator           <  >
BlankFlag                < >
BlankIndicator           <  >
'              '         <              >
OP_RETURN                <RETURN>
'('                      <(>
CS_OperationAndExtender  <H>
')'                      <)>
ID                       <MYVAR>
'+'                      <+>
NUMBER                   <10>
C_FREE_NEWLINE           <
>
DIRECTIVE                < />
DIR_FREE                 <Free>
EOL                      <>
OP_RETURN                <return>
FREE_SEMI                <;>
OP_RETURN                <return>
ID                       <myds>
FREE_SEMI                <;>
OP_RETURN                <return>
'('                      <(>
ID                       <myvar>
'+'                      <+>
NUMBER                   <10>
')'                      <)>
FREE_SEMI                <;>
OP_RETURN                <return>
DateLiteralStart         <D'>
StringContent            <1995-10-01>
StringLiteralEnd         <'>
FREE_SEMI                <;>
OP_RETURN                <return>
'('                      <(>
CS_OperationAndExtender  <h>
')'                      <)>
'('                      <(>
ID                       <myvar>
'+'                      <+>
NUMBER                   <10>
')'                      <)>
FREE_SEMI                <;>
DIRECTIVE                < />
DIR_ENDFREE              <end-free>
EOL                      <>
HIDDEN:COMMENT_SPEC_FIXED< *>
CS_FIXED                 <C>
BlankIndicator           <  >
BlankFlag                < >
BlankIndicator           <  >
'              '         <              >
OP_SETON                 <SETON>
'              '         <              >
'              '         <              >
CS_FieldLength           <     >
CS_DecimalPositions      <  >
LastRecordIndicator      <LR>
BlankIndicator           <  >
BlankIndicator           <  >
/*===TREE===*/
(r
  (statement
    (cspec_fixed
      C
      (cs_controlLevel '  ')
      (onOffIndicatorsFlag ' ')
      (cs_indicators '  ')
      (factor (symbolicConstants *Entry))
      (cspec_fixed_standard
        (csPLIST
          PList
          (cspec_fixed_standard_parts
            (factor '              ')
            (resultType '              ')
            '     '
            '  '
            (resultIndicator '  ')
            (resultIndicator '  ')
            (resultIndicator '  ')
            NL
          )
        )
      )
    )
  )
  (statement
    (cspec_fixed
      C
      (cs_controlLevel '  ')
      (onOffIndicatorsFlag ' ')
      (cs_indicators '  ')
      (factor '              ')
      (cspec_fixed_standard (csRETURN RETURN NL))
    )
  )
  (statement
    (cspec_fixed
      C
      (cs_controlLevel '  ')
      (onOffIndicatorsFlag ' ')
      (cs_indicators '  ')
      (factor '              ')
      (cspec_fixed_standard
        (csRETURN
          RETURN
          (c_free (expression (identifier (free_identifier (idOrKeyword MYDS)))))
          NL
        )
      )
    )
  )
  (statement
    (cspec_fixed
      C
      (cs_controlLevel '  ')
      (onOffIndicatorsFlag ' ')
      (cs_indicators '  ')
      (factor '              ')
      (cspec_fixed_standard
        (csRETURN
          RETURN
          (c_free
            (expression
              (expression (identifier (free_identifier (idOrKeyword MYVAR))))
              +
              (expression (number 10))
            )
          )
          NL
        )
      )
    )
  )
  (statement
    (cspec_fixed
      C
      (cs_controlLevel '  ')
      (onOffIndicatorsFlag ' ')
      (cs_indicators '  ')
      (factor '              ')
      (cspec_fixed_standard
        (csRETURN Return (c_free (expression (literal D' 1995-10-01 '))) NL)
      )
    )
  )
  (statement
    (cspec_fixed
      C
      (cs_controlLevel '  ')
      (onOffIndicatorsFlag ' ')
      (cs_indicators '  ')
      (factor '              ')
      (cspec_fixed_standard
        (csRETURN
          RETURN
          (cs_operationExtender ( H ))
          (c_free
            (expression
              (expression (identifier (free_identifier (idOrKeyword MYVAR))))
              +
              (expression (number 10))
            )
          )
          NL
        )
      )
    )
  )
  (statement (directive ' /' (beginfree_directive Free) ))
  (statement (free (baseExpression (op (op_return return))) ;))
  (statement
    (free
      (baseExpression
        (op
          (op_return
            return
            (expression (identifier (free_identifier (idOrKeyword myds))))
          )
        )
      )
      ;
    )
  )
  (statement
    (free
      (baseExpression
        (op
          (op_callp
            (identifier (free_identifier (op_code return)))
            (
            (expression
              (expression (identifier (free_identifier (idOrKeyword myvar))))
              +
              (expression (number 10))
            )
            )
          )
        )
      )
      ;
    )
  )
  (statement
    (free
      (baseExpression (op (op_return return (expression (literal D' 1995-10-01 ')))))
      ;
    )
  )
  (statement
    (free
      (baseExpression
        (op
          (op_return
            return
            (cs_operationExtender ( h ))
            (expression
              (
              (expression
                (expression (identifier (free_identifier (idOrKeyword myvar))))
                +
                (expression (number 10))
              )
              )
            )
          )
        )
      )
      ;
    )
  )
  (statement (directive ' /' (endfree_directive end-free) ))
  (statement
    (cspec_fixed
      C
      (cs_controlLevel '  ')
      (onOffIndicatorsFlag ' ')
      (cs_indicators '  ')
      (factor '              ')
      (cspec_fixed_standard
        (csSETON
          SETON
          (cspec_fixed_standard_parts
            (factor '              ')
            (resultType '              ')
            '     '
            '  '
            (resultIndicator LR)
            (resultIndicator '  ')
            (resultIndicator '  ')
            <EOF>
          )
        )
      )
    )
  )
)
/*======*/