/*===TOKENS===*/
HIDDEN:COMMENT_SPEC_FIXED<C*>
HIDDEN:COMMENTS_TEXT     <0N01Factor1+++++++Opcode(E)+Factor2+++++++Result++++++++Len++D+HiLoEq....>
CS_FIXED                 <C>
BlankIndicator           <  >
BlankFlag                < >
BlankIndicator           <  >
SPLAT_ENTRY              <*Entry>
OP_PLIST                 <PList>
'              '         <              >
'              '         <              >
CS_FieldLength           <     >
CS_DecimalPositions      <  >
BlankIndicator           <  >
BlankIndicator           <  >
BlankIndicator           <  >
EOL                      <
>
CS_FIXED                 <C>
BlankIndicator           <  >
BlankFlag                < >
BlankIndicator           <  >
'              '         <              >
OP_PARM                  <Parm>
'              '         <              >
CS_FactorContent         <w_RtnValue>
CS_FieldLength           <     >
CS_DecimalPositions      <  >
BlankIndicator           <  >
BlankIndicator           <  >
BlankIndicator           <  >
EOL                      <
>
HIDDEN:COMMENT_SPEC_FIXED< *>
CS_FIXED                 <C>
BlankIndicator           <  >
BlankFlag                < >
BlankIndicator           <  >
'              '         <              >
OP_SETOFF                <SETOFF>
'              '         <              >
'              '         <              >
CS_FieldLength           <     >
CS_DecimalPositions      <  >
GeneralIndicator         <97>
BlankIndicator           <  >
BlankIndicator           <  >
EOL                      <
>
CS_FIXED                 <C>
BlankIndicator           <  >
BlankFlag                < >
BlankIndicator           <  >
'              '         <              >
OP_SETOFF                <Setoff>
'              '         <              >
'              '         <              >
CS_FieldLength           <     >
CS_DecimalPositions      <  >
GeneralIndicator         <97>
GeneralIndicator         <98>
GeneralIndicator         <99>
EOL                      <
>
CS_FIXED                 <C>
BlankIndicator           <  >
BlankFlag                < >
BlankIndicator           <  >
'              '         <              >
OP_SETOFF                <setoff>
'              '         <              >
'              '         <              >
CS_FieldLength           <     >
CS_DecimalPositions      <  >
BlankIndicator           <  >
GeneralIndicator         <98>
GeneralIndicator         <99>
EOL                      <
>
CS_FIXED                 <C>
BlankIndicator           <  >
BlankFlag                < >
BlankIndicator           <  >
'              '         <              >
OP_SETON                 <SETON>
'              '         <              >
'              '         <              >
CS_FieldLength           <     >
CS_DecimalPositions      <  >
GeneralIndicator         <97>
BlankIndicator           <  >
BlankIndicator           <  >
EOL                      <
>
CS_FIXED                 <C>
BlankIndicator           <  >
BlankFlag                < >
BlankIndicator           <  >
'              '         <              >
OP_SETON                 <Seton>
'              '         <              >
'              '         <              >
CS_FieldLength           <     >
CS_DecimalPositions      <  >
GeneralIndicator         <97>
GeneralIndicator         <98>
GeneralIndicator         <99>
EOL                      <
>
CS_FIXED                 <C>
BlankIndicator           <  >
BlankFlag                < >
BlankIndicator           <  >
'              '         <              >
OP_SETON                 <seton>
'              '         <              >
'              '         <              >
CS_FieldLength           <     >
CS_DecimalPositions      <  >
BlankIndicator           <  >
GeneralIndicator         <98>
GeneralIndicator         <99>
EOL                      <
>
HIDDEN:COMMENT_SPEC_FIXED<C*>
CS_FIXED                 <C>
BlankIndicator           <  >
BlankFlag                < >
BlankIndicator           <  >
'              '         <              >
OP_SETON                 <SETON>
'              '         <              >
'              '         <              >
CS_FieldLength           <     >
CS_DecimalPositions      <  >
LastRecordIndicator      <LR>
BlankIndicator           <  >
BlankIndicator           <  >
EOL                      <
>
/*===TREE===*/
(r
  (statement
    (cspec_fixed
      C
      (cs_controlLevel '  ')
      (onOffIndicatorsFlag ' ')
      (cs_indicators '  ')
      (factor (symbolicConstants *Entry))
      (cspec_fixed_standard
        (csPLIST
          PList
          (cspec_fixed_standard_parts
            (factor '              ')
            (resultType '              ')
            '     '
            '  '
            (resultIndicator '  ')
            (resultIndicator '  ')
            (resultIndicator '  ')
            NL
          )
          (csPARM
            C
            '  '
            ' '
            '  '
            (factor '              ')
            Parm
            (cspec_fixed_standard_parts
              (factor '              ')
              (resultType w_RtnValue)
              '     '
              '  '
              (resultIndicator '  ')
              (resultIndicator '  ')
              (resultIndicator '  ')
              NL
            )
          )
        )
      )
    )
  )
  (statement
    (cspec_fixed
      C
      (cs_controlLevel '  ')
      (onOffIndicatorsFlag ' ')
      (cs_indicators '  ')
      (factor '              ')
      (cspec_fixed_standard
        (csSETOFF
          SETOFF
          (cspec_fixed_standard_parts
            (factor '              ')
            (resultType '              ')
            '     '
            '  '
            (resultIndicator 97)
            (resultIndicator '  ')
            (resultIndicator '  ')
            NL
          )
        )
      )
    )
  )
  (statement
    (cspec_fixed
      C
      (cs_controlLevel '  ')
      (onOffIndicatorsFlag ' ')
      (cs_indicators '  ')
      (factor '              ')
      (cspec_fixed_standard
        (csSETOFF
          Setoff
          (cspec_fixed_standard_parts
            (factor '              ')
            (resultType '              ')
            '     '
            '  '
            (resultIndicator 97)
            (resultIndicator 98)
            (resultIndicator 99)
            NL
          )
        )
      )
    )
  )
  (statement
    (cspec_fixed
      C
      (cs_controlLevel '  ')
      (onOffIndicatorsFlag ' ')
      (cs_indicators '  ')
      (factor '              ')
      (cspec_fixed_standard
        (csSETOFF
          setoff
          (cspec_fixed_standard_parts
            (factor '              ')
            (resultType '              ')
            '     '
            '  '
            (resultIndicator '  ')
            (resultIndicator 98)
            (resultIndicator 99)
            NL
          )
        )
      )
    )
  )
  (statement
    (cspec_fixed
      C
      (cs_controlLevel '  ')
      (onOffIndicatorsFlag ' ')
      (cs_indicators '  ')
      (factor '              ')
      (cspec_fixed_standard
        (csSETON
          SETON
          (cspec_fixed_standard_parts
            (factor '              ')
            (resultType '              ')
            '     '
            '  '
            (resultIndicator 97)
            (resultIndicator '  ')
            (resultIndicator '  ')
            NL
          )
        )
      )
    )
  )
  (statement
    (cspec_fixed
      C
      (cs_controlLevel '  ')
      (onOffIndicatorsFlag ' ')
      (cs_indicators '  ')
      (factor '              ')
      (cspec_fixed_standard
        (csSETON
          Seton
          (cspec_fixed_standard_parts
            (factor '              ')
            (resultType '              ')
            '     '
            '  '
            (resultIndicator 97)
            (resultIndicator 98)
            (resultIndicator 99)
            NL
          )
        )
      )
    )
  )
  (statement
    (cspec_fixed
      C
      (cs_controlLevel '  ')
      (onOffIndicatorsFlag ' ')
      (cs_indicators '  ')
      (factor '              ')
      (cspec_fixed_standard
        (csSETON
          seton
          (cspec_fixed_standard_parts
            (factor '              ')
            (resultType '              ')
            '     '
            '  '
            (resultIndicator '  ')
            (resultIndicator 98)
            (resultIndicator 99)
            NL
          )
        )
      )
    )
  )
  (statement
    (cspec_fixed
      C
      (cs_controlLevel '  ')
      (onOffIndicatorsFlag ' ')
      (cs_indicators '  ')
      (factor '              ')
      (cspec_fixed_standard
        (csSETON
          SETON
          (cspec_fixed_standard_parts
            (factor '              ')
            (resultType '              ')
            '     '
            '  '
            (resultIndicator LR)
            (resultIndicator '  ')
            (resultIndicator '  ')
            NL
          )
        )
      )
    )
  )
)
/*======*/