/*===TOKENS===*/
HIDDEN:COMMENT_SPEC_FIXED<C*>
HIDDEN:COMMENTS_TEXT     <0N01Factor1+++++++Opcode(E)+Factor2+++++++Result++++++++Len++D+HiLoEq....>
CS_FIXED                 <C>
BlankIndicator           <  >
BlankFlag                < >
BlankIndicator           <  >
SPLAT_ENTRY              <*Entry>
OP_PLIST                 <PList>
'              '         <              >
'              '         <              >
CS_FieldLength           <     >
CS_DecimalPositions      <  >
BlankIndicator           <  >
BlankIndicator           <  >
BlankIndicator           <  >
EOL                      <
>
CS_FIXED                 <C>
BlankIndicator           <  >
BlankFlag                < >
BlankIndicator           <  >
'              '         <              >
OP_PARM                  <Parm>
'              '         <              >
CS_FactorContent         <w_RtnValue>
CS_FieldLength           <     >
CS_DecimalPositions      <  >
BlankIndicator           <  >
BlankIndicator           <  >
BlankIndicator           <  >
EOL                      <
>
HIDDEN:COMMENT_SPEC_FIXED< *>
CS_FIXED                 <C>
BlankIndicator           <  >
BlankFlag                < >
BlankIndicator           <  >
'              '         <              >
OP_SQRT                  <SQRT>
CS_FactorContent         <FAC1>
CS_FactorContent         <RES>
CS_FieldLength           <     >
CS_DecimalPositions      <  >
BlankIndicator           <  >
BlankIndicator           <  >
BlankIndicator           <  >
EOL                      <
>
CS_FIXED                 <C>
BlankIndicator           <  >
BlankFlag                < >
BlankIndicator           <  >
'              '         <              >
OP_SQRT                  <sqrt>
'('                      <(>
CS_OperationAndExtender  <h>
')'                      <)>
CS_FactorContent         <FAC1>
CS_FactorContent         <RES>
CS_FieldLength           <     >
CS_DecimalPositions      <  >
BlankIndicator           <  >
BlankIndicator           <  >
BlankIndicator           <  >
EOL                      <
>
/*===TREE===*/
(r
  (statement
    (cspec_fixed
      C
      (cs_controlLevel '  ')
      (onOffIndicatorsFlag ' ')
      (cs_indicators '  ')
      (factor (symbolicConstants *Entry))
      (cspec_fixed_standard
        (csPLIST
          PList
          (cspec_fixed_standard_parts
            (factor '              ')
            (resultType '              ')
            '     '
            '  '
            (resultIndicator '  ')
            (resultIndicator '  ')
            (resultIndicator '  ')
            NL
          )
          (csPARM
            C
            '  '
            ' '
            '  '
            (factor '              ')
            Parm
            (cspec_fixed_standard_parts
              (factor '              ')
              (resultType w_RtnValue)
              '     '
              '  '
              (resultIndicator '  ')
              (resultIndicator '  ')
              (resultIndicator '  ')
              NL
            )
          )
        )
      )
    )
  )
  (statement
    (cspec_fixed
      C
      (cs_controlLevel '  ')
      (onOffIndicatorsFlag ' ')
      (cs_indicators '  ')
      (factor '              ')
      (cspec_fixed_standard
        (csSQRT
          SQRT
          (cspec_fixed_standard_parts
            (factor (factorContent FAC1))
            (resultType RES)
            '     '
            '  '
            (resultIndicator '  ')
            (resultIndicator '  ')
            (resultIndicator '  ')
            NL
          )
        )
      )
    )
  )
  (statement
    (cspec_fixed
      C
      (cs_controlLevel '  ')
      (onOffIndicatorsFlag ' ')
      (cs_indicators '  ')
      (factor '              ')
      (cspec_fixed_standard
        (csSQRT
          sqrt
          (cs_operationExtender ( h ))
          (cspec_fixed_standard_parts
            (factor (factorContent FAC1))
            (resultType RES)
            '     '
            '  '
            (resultIndicator '  ')
            (resultIndicator '  ')
            (resultIndicator '  ')
            NL
          )
        )
      )
    )
  )
)
/*======*/