/*===TOKENS===*/
HIDDEN:COMMENT_SPEC_FIXED<C*>
HIDDEN:COMMENTS_TEXT     <0N01Factor1+++++++Opcode(E)+Factor2+++++++Result++++++++Len++D+HiLoEq....>
CS_FIXED                 <C>
BlankIndicator           <  >
BlankFlag                < >
BlankIndicator           <  >
SPLAT_ENTRY              <*Entry>
OP_PLIST                 <PList>
'              '         <              >
'              '         <              >
CS_FieldLength           <     >
CS_DecimalPositions      <  >
BlankIndicator           <  >
BlankIndicator           <  >
BlankIndicator           <  >
EOL                      <
>
HIDDEN:COMMENT_SPEC_FIXED< *>
CS_FIXED                 <C>
BlankIndicator           <  >
BlankFlag                < >
BlankIndicator           <  >
'              '         <              >
OP_XFOOT                 <XFOOT>
CS_FactorContent         <ARR>
CS_FactorContent         <RES>
CS_FieldLength           <     >
CS_DecimalPositions      <  >
BlankIndicator           <  >
BlankIndicator           <  >
BlankIndicator           <  >
EOL                      <
>
CS_FIXED                 <C>
BlankIndicator           <  >
BlankFlag                < >
BlankIndicator           <  >
'              '         <              >
OP_XFOOT                 <xfoot>
CS_FactorContent         <ARR>
CS_FactorContent         <RES>
CS_FieldLength           <   12>
CS_DecimalPositions      < 0>
BlankIndicator           <  >
BlankIndicator           <  >
BlankIndicator           <  >
EOL                      <
>
CS_FIXED                 <C>
BlankIndicator           <  >
BlankFlag                < >
BlankIndicator           <  >
'              '         <              >
OP_XFOOT                 <XFOOT>
'('                      <(>
CS_OperationAndExtender  <h>
')'                      <)>
CS_FactorContent         <ARR>
CS_FactorContent         <RES>
CS_FieldLength           <     >
CS_DecimalPositions      <  >
BlankIndicator           <  >
BlankIndicator           <  >
BlankIndicator           <  >
EOL                      <
>
CS_FIXED                 <C>
BlankIndicator           <  >
BlankFlag                < >
BlankIndicator           <  >
'              '         <              >
OP_SETON                 <SETON>
'              '         <              >
'              '         <              >
CS_FieldLength           <     >
CS_DecimalPositions      <  >
LastRecordIndicator      <LR>
BlankIndicator           <  >
BlankIndicator           <  >
EOL                      <
>
/*===TREE===*/
(r
  (statement
    (cspec_fixed
      C
      (cs_controlLevel '  ')
      (onOffIndicatorsFlag ' ')
      (cs_indicators '  ')
      (factor (symbolicConstants *Entry))
      (cspec_fixed_standard
        (csPLIST
          PList
          (cspec_fixed_standard_parts
            (factor '              ')
            (resultType '              ')
            '     '
            '  '
            (resultIndicator '  ')
            (resultIndicator '  ')
            (resultIndicator '  ')
            NL
          )
        )
      )
    )
  )
  (statement
    (cspec_fixed
      C
      (cs_controlLevel '  ')
      (onOffIndicatorsFlag ' ')
      (cs_indicators '  ')
      (factor '              ')
      (cspec_fixed_standard
        (csXFOOT
          XFOOT
          (cspec_fixed_standard_parts
            (factor (factorContent ARR))
            (resultType RES)
            '     '
            '  '
            (resultIndicator '  ')
            (resultIndicator '  ')
            (resultIndicator '  ')
            NL
          )
        )
      )
    )
  )
  (statement
    (cspec_fixed
      C
      (cs_controlLevel '  ')
      (onOffIndicatorsFlag ' ')
      (cs_indicators '  ')
      (factor '              ')
      (cspec_fixed_standard
        (csXFOOT
          xfoot
          (cspec_fixed_standard_parts
            (factor (factorContent ARR))
            (resultType RES)
            '   12'
            ' 0'
            (resultIndicator '  ')
            (resultIndicator '  ')
            (resultIndicator '  ')
            NL
          )
        )
      )
    )
  )
  (statement
    (cspec_fixed
      C
      (cs_controlLevel '  ')
      (onOffIndicatorsFlag ' ')
      (cs_indicators '  ')
      (factor '              ')
      (cspec_fixed_standard
        (csXFOOT
          XFOOT
          (cs_operationExtender ( h ))
          (cspec_fixed_standard_parts
            (factor (factorContent ARR))
            (resultType RES)
            '     '
            '  '
            (resultIndicator '  ')
            (resultIndicator '  ')
            (resultIndicator '  ')
            NL
          )
        )
      )
    )
  )
  (statement
    (cspec_fixed
      C
      (cs_controlLevel '  ')
      (onOffIndicatorsFlag ' ')
      (cs_indicators '  ')
      (factor '              ')
      (cspec_fixed_standard
        (csSETON
          SETON
          (cspec_fixed_standard_parts
            (factor '              ')
            (resultType '              ')
            '     '
            '  '
            (resultIndicator LR)
            (resultIndicator '  ')
            (resultIndicator '  ')
            NL
          )
        )
      )
    )
  )
)
/*======*/