/*===TOKENS===*/
CS_FIXED                 <C>
BlankIndicator           <  >
BlankFlag                < >
BlankIndicator           <  >
'              '         <              >
OP_IF                    <IF>
ID                       <P1IAMT>
'>'                      <>>
NUMBER                   <0>
C_FREE_NEWLINE           <
>
CS_FIXED                 <C>
BlankIndicator           <  >
BlankFlag                < >
BlankIndicator           <  >
'              '         <              >
OP_IF                    <IF>
ID                       <WURMCD>
'='                      <=>
StringLiteralStart       <'>
StringContent            <CPR>
StringLiteralEnd         <'>
HIDDEN:FREE_COMMENTS80   <*INDENT+1          >
C_FREE_NEWLINE           <
>
CS_FIXED                 <C>
BlankIndicator           <  >
BlankFlag                < >
BlankIndicator           <  >
'              '         <              >
OP_ELSE                  <ELSE>
'              '         <              >
'              '         <              >
CS_FieldLength           <     >
CS_DecimalPositions      <  >
BlankIndicator           <  >
BlankIndicator           <  >
BlankIndicator           <  >
EOL                      <
>
CS_FIXED                 <C>
BlankIndicator           <  >
BlankFlag                < >
BlankIndicator           <  >
'              '         <              >
OP_END                   <END>
'              '         <              >
'              '         <              >
CS_FieldLength           <     >
CS_DecimalPositions      <  >
BlankIndicator           <  >
BlankIndicator           <  >
BlankIndicator           <  >
CS_FixedComments         <*FI CODE SMELL         >
EOL                      <
>
CS_FIXED                 <C>
BlankIndicator           <  >
BlankFlag                < >
BlankIndicator           <  >
'              '         <              >
OP_ELSE                  <ELSE>
'              '         <              >
'              '         <              >
CS_FieldLength           <     >
CS_DecimalPositions      <  >
BlankIndicator           <  >
BlankIndicator           <  >
BlankIndicator           <  >
EOL                      <
>
CS_FIXED                 <C>
BlankIndicator           <  >
BlankFlag                < >
BlankIndicator           <  >
'              '         <              >
OP_END                   <END>
'              '         <              >
'              '         <              >
CS_FieldLength           <     >
CS_DecimalPositions      <  >
BlankIndicator           <  >
BlankIndicator           <  >
BlankIndicator           <  >
CS_FixedComments         <*FI CODE SMELL         >
EOL                      <
>
HIDDEN:COMMENT_SPEC_FIXED< *>
HIDDEN:COMMENTS_TEXT     <---------------------------------------------------------------->
CS_FIXED                 <C>
SubroutineIndicator      <SR>
BlankFlag                < >
BlankIndicator           <  >
CS_FactorContent         <NACHRC>
OP_BEGSR                 <BEGSR>
'              '         <              >
'              '         <              >
CS_FieldLength           <     >
CS_DecimalPositions      <  >
BlankIndicator           <  >
BlankIndicator           <  >
BlankIndicator           <  >
EOL                      <
>
CS_FIXED                 <C>
SubroutineIndicator      <SR>
BlankFlag                < >
BlankIndicator           <  >
CS_FactorContent         <NACHRC>
OP_ENDSR                 <ENDSR>
'              '         <              >
'              '         <              >
CS_FieldLength           <     >
CS_DecimalPositions      <  >
BlankIndicator           <  >
BlankIndicator           <  >
BlankIndicator           <  >
EOL                      <
>
/*===TREE===*/
(r
  (statement
    (block
      (ifstatement
        (beginif
          C
          (cs_controlLevel '  ')
          (onOffIndicatorsFlag ' ')
          (cs_indicators '  ')
          (factor '              ')
          IF
          (c_free
            (expression
              (expression (identifier (free_identifier (idOrKeyword P1IAMT))))
              (comparisonOperator >)
              (expression (number 0))
            )
          )
          NL
        )
        (statement
          (block
            (ifstatement
              (beginif
                C
                (cs_controlLevel '  ')
                (onOffIndicatorsFlag ' ')
                (cs_indicators '  ')
                (factor '              ')
                IF
                (c_free
                  (expression
                    (expression (identifier (free_identifier (idOrKeyword WURMCD))))
                    =
                    (expression (literal ' CPR '))
                  )
                )
                NL
              )
              (elsestmt
                C
                (cs_controlLevel '  ')
                (onOffIndicatorsFlag ' ')
                (cs_indicators '  ')
                (factor '              ')
                ELSE
                (cspec_fixed_standard_parts
                  (factor '              ')
                  (resultType '              ')
                  '     '
                  '  '
                  (resultIndicator '  ')
                  (resultIndicator '  ')
                  (resultIndicator '  ')
                  NL
                )
              )
              (endif
                C
                (cs_controlLevel '  ')
                (onOffIndicatorsFlag ' ')
                (cs_indicators '  ')
                (factor '              ')
                (csEND
                  END
                  (cspec_fixed_standard_parts
                    (factor '              ')
                    (resultType '              ')
                    '     '
                    '  '
                    (resultIndicator '  ')
                    (resultIndicator '  ')
                    (resultIndicator '  ')
                    (cs_fixed_comments '*FI CODE SMELL         ')
                    NL
                  )
                )
              )
            )
          )
        )
        (elsestmt
          C
          (cs_controlLevel '  ')
          (onOffIndicatorsFlag ' ')
          (cs_indicators '  ')
          (factor '              ')
          ELSE
          (cspec_fixed_standard_parts
            (factor '              ')
            (resultType '              ')
            '     '
            '  '
            (resultIndicator '  ')
            (resultIndicator '  ')
            (resultIndicator '  ')
            NL
          )
        )
        (endif
          C
          (cs_controlLevel '  ')
          (onOffIndicatorsFlag ' ')
          (cs_indicators '  ')
          (factor '              ')
          (csEND
            END
            (cspec_fixed_standard_parts
              (factor '              ')
              (resultType '              ')
              '     '
              '  '
              (resultIndicator '  ')
              (resultIndicator '  ')
              (resultIndicator '  ')
              (cs_fixed_comments '*FI CODE SMELL         ')
              NL
            )
          )
        )
      )
    )
  )
  (subroutine
    (begsr
      (csBEGSR
        C
        (cs_controlLevel SR)
        (onOffIndicatorsFlag ' ')
        (cs_indicators '  ')
        (factor (factorContent NACHRC))
        BEGSR
        (cspec_fixed_standard_parts
          (factor '              ')
          (resultType '              ')
          '     '
          '  '
          (resultIndicator '  ')
          (resultIndicator '  ')
          (resultIndicator '  ')
          NL
        )
      )
    )
    (endsr
      (csENDSR
        C
        (cs_controlLevel SR)
        (onOffIndicatorsFlag ' ')
        (cs_indicators '  ')
        (factor (factorContent NACHRC))
        ENDSR
        (cspec_fixed_standard_parts
          (factor '              ')
          (resultType '              ')
          '     '
          '  '
          (resultIndicator '  ')
          (resultIndicator '  ')
          (resultIndicator '  ')
          NL
        )
      )
    )
  )
)
/*======*/